[Licensing::Module] Trying to connect to existing licensing client channel...
Built from '6000.3/staging' branch; Version is '6000.3.8f1 (1c7db571dde0) revision 1867189'; Using compiler version '194234433'; Build Type 'Release'
OS: 'Windows 11  (10.0.26200) Professional' Language: 'en' Physical Memory: 16085 MB
BatchMode: 1, IsHumanControllingUs: 0, StartBugReporterOnCrash: 0, Is64bit: 1
System  architecture: x64
Process architecture: x64
Date: 2026-05-12T14:07:19Z
[Licensing::IpcConnector] Successfully connected to: "LicenseClient-David" at "2026-05-12T14:07:19.2624214Z"

COMMAND LINE ARGUMENTS:
C:\Program Files\Unity\Hub\Editor\6000.3.8f1\Editor\Unity.exe
-adb2
-batchMode
-noUpm
-name
AssetImportWorker3
-projectPath
C:/IPCA/2Ano/2Semestre/DJA/IPCA_DJA_G6/Pac-Mon
-logFile
Logs/AssetImportWorker3.log
-srvPort
54826
-licensingIpc
LicenseClient-David
-job-worker-count
5
-background-job-worker-count
8
-gc-helper-count
1
-name
AssetImport
Successfully changed project path to: C:/IPCA/2Ano/2Semestre/DJA/IPCA_DJA_G6/Pac-Mon
C:/IPCA/2Ano/2Semestre/DJA/IPCA_DJA_G6/Pac-Mon
[UnityMemory] Configuration Parameters - Can be set up in boot.config
    "memorysetup-temp-allocator-size-nav-mesh-worker=65536"
    "memorysetup-temp-allocator-size-audio-worker=65536"
    "memorysetup-temp-allocator-size-gfx=262144"
    "memorysetup-allocator-temp-initial-block-size-main=262144"
    "memorysetup-allocator-temp-initial-block-size-worker=262144"
    "memorysetup-temp-allocator-size-background-worker=32768"
    "memorysetup-temp-allocator-size-job-worker=262144"
    "memorysetup-temp-allocator-size-preload-manager=33554432"
    "memorysetup-temp-allocator-size-gi-baking-worker=262144"
    "memorysetup-temp-allocator-size-gi-baking-worker=262144"
    "memorysetup-temp-allocator-size-gi-baking-worker=262144"
    "memorysetup-temp-allocator-size-gi-baking-worker=262144"
    "memorysetup-temp-allocator-size-gi-baking-worker=262144"
    "memorysetup-bucket-allocator-granularity=16"
    "memorysetup-bucket-allocator-bucket-count=8"
    "memorysetup-bucket-allocator-block-size=33554432"
    "memorysetup-bucket-allocator-block-count=8"
    "memorysetup-main-allocator-block-size=16777216"
    "memorysetup-thread-allocator-block-size=16777216"
    "memorysetup-gfx-main-allocator-block-size=16777216"
    "memorysetup-gfx-thread-allocator-block-size=16777216"
    "memorysetup-cache-allocator-block-size=4194304"
    "memorysetup-typetree-allocator-block-size=2097152"
    "memorysetup-profiler-bucket-allocator-granularity=16"
    "memorysetup-profiler-bucket-allocator-bucket-count=8"
    "memorysetup-profiler-bucket-allocator-block-size=33554432"
    "memorysetup-profiler-bucket-allocator-block-count=8"
    "memorysetup-profiler-allocator-block-size=16777216"
    "memorysetup-profiler-editor-allocator-block-size=1048576"
    "memorysetup-temp-allocator-size-main=16777216"
    "memorysetup-job-temp-allocator-block-size=2097152"
    "memorysetup-job-temp-allocator-block-size-background=1048576"
    "memorysetup-job-temp-allocator-reduction-small-platforms=262144"
    "memorysetup-temp-allocator-size-cloud-worker=32768"
Player connection [18448]  Target information:

Player connection [18448]  * "[IP] 172.20.10.5 [Port] 0 [Flags] 2 [Guid] 3737754933 [EditorId] 3737754933 [Version] 1048832 [Id] WindowsEditor(7,PC-QUERIDO) [Debug] 1 [PackageName] WindowsEditor [ProjectName] Editor" 

Player connection [18448]  * "[IP] 192.168.137.1 [Port] 0 [Flags] 2 [Guid] 3737754933 [EditorId] 3737754933 [Version] 1048832 [Id] WindowsEditor(7,PC-QUERIDO) [Debug] 1 [PackageName] WindowsEditor [ProjectName] Editor" 

Player connection [18448] Host joined multi-casting on [225.0.0.222:54997]...
Player connection [18448] Host joined alternative multi-casting on [225.0.0.222:34997]...
JobSystem: Creating JobQueue using job-worker-count value 5
Input System module state changed to: Initialized.
[Physics::Module] Initialized fallback backend.
[Physics::Module] Id: 0xdecafbad
Library Redirect Path: Library/
[Physics::Module] Selected backend.
[Physics::Module] Name: PhysX
[Physics::Module] Id: 0xf2b8ea05
[Physics::Module] SDK Version: 4.1.2
[Physics::Module] Integration Version: 1.0.0
[Physics::Module] Threading Mode: Multi-Threaded
Refreshing native plugins compatible for Editor in 10.96 ms, found 3 plugins.
Preloading 0 native plugins for Editor in 0.00 ms.
Initialize engine version: 6000.3.8f1 (1c7db571dde0)
[Subsystems] Discovering subsystems at path C:/Program Files/Unity/Hub/Editor/6000.3.8f1/Editor/Data/Resources/UnitySubsystems
[Subsystems] Discovering subsystems at path C:/IPCA/2Ano/2Semestre/DJA/IPCA_DJA_G6/Pac-Mon/Assets
GfxDevice: creating device client; kGfxThreadingModeNonThreaded
Direct3D:
    Version:  Direct3D 11.0 [level 11.1]
    Renderer: Intel(R) Iris(R) Xe Graphics (ID=0xa7a1)
    Vendor:   Intel
    VRAM:     8042 MB
    Driver:   31.0.101.4314
Initialize mono
Mono path[0] = 'C:/Program Files/Unity/Hub/Editor/6000.3.8f1/Editor/Data/Managed'
Mono path[1] = 'C:/Program Files/Unity/Hub/Editor/6000.3.8f1/Editor/Data/MonoBleedingEdge/lib/mono/unityjit-win32'
Mono config path = 'C:/Program Files/Unity/Hub/Editor/6000.3.8f1/Editor/Data/MonoBleedingEdge/etc'
Using monoOptions --debugger-agent=transport=dt_socket,embedding=1,server=y,suspend=n,address=127.0.0.1:56624
Begin MonoManager ReloadAssembly
Registering precompiled unity dll's ...
Register platform support module: C:/Program Files/Unity/Hub/Editor/6000.3.8f1/Editor/Data/PlaybackEngines/WindowsStandaloneSupport/UnityEditor.WindowsStandalone.Extensions.dll
Registered in 0.005387 seconds.
[Licensing::Client] Handshaking with LicensingClient:
  Version:                 1.17.4+4293ba1
  Session Id:              6eaa82f1603d4e9295dc24b27a65577a
  Correlation Id:          2863daa3ef3df208e24f82af1f6a9934
  External correlation Id: 3017241002568446263
  Machine Id:              rtEc105T+gTMSbLVOViUDh58gVs=
[Licensing::Module] Successfully connected to LicensingClient on channel: "LicenseClient-David" (connect: 0.00s, validation: 0.01s, handshake: 1.53s)
[Licensing::IpcConnector] Successfully connected to: "LicenseClient-David-notifications" at "2026-05-12T14:07:20.7978652Z"
[Licensing::Module] Licensing Background thread has ended after 1.54s
- Loaded All Assemblies, in  0.621 seconds
Native extension for WindowsStandalone target not found
ScheduleIndexationOnStartup MainProcess:False IndexOnStartup:True
Mono: successfully reloaded assembly
- Finished resetting the current domain, in  0.548 seconds
Domain Reload Profiling: 1166ms
	BeginReloadAssembly (279ms)
		ExecutionOrderSort (0ms)
		DisableScriptedObjects (0ms)
		BackupInstance (0ms)
		ReleaseScriptingObjects (0ms)
		CreateAndSetChildDomain (1ms)
	RebuildCommonClasses (45ms)
	RebuildNativeTypeToScriptingClass (14ms)
	initialDomainReloadingComplete (59ms)
	LoadAllAssembliesAndSetupDomain (221ms)
		LoadAssemblies (279ms)
		RebuildTransferFunctionScriptingTraits (0ms)
		AnalyzeDomain (213ms)
			TypeCache.Refresh (211ms)
				TypeCache.ScanAssembly (193ms)
			BuildScriptInfoCaches (0ms)
			ResolveRequiredComponents (1ms)
	FinalizeReload (548ms)
		ReleaseScriptCaches (0ms)
		RebuildScriptCaches (0ms)
		SetupLoadedEditorAssemblies (487ms)
			LogAssemblyErrors (0ms)
			InitializePlatformSupportModulesInManaged (57ms)
			SetLoadedEditorAssemblies (5ms)
			BeforeProcessingInitializeOnLoad (97ms)
			ProcessInitializeOnLoadAttributes (199ms)
			ProcessInitializeOnLoadMethodAttributes (130ms)
			AfterProcessingInitializeOnLoad (0ms)
			EditorAssembliesLoaded (0ms)
		ExecutionOrderSort2 (0ms)
		AwakeInstancesAfterBackupRestoration (0ms)
========================================================================
Worker process is ready to serve import requests
Import Worker Mode flag is 0x00
Begin MonoManager ReloadAssembly
[Licensing::Client] Successfully resolved entitlement details
[Licensing::Module] License group:
  Id: 6872061491642-UnityPersXXXX
  Product: Unity Personal
  Type: Assigned
  Expiration: Unlimited
- Loaded All Assemblies, in  1.506 seconds
Refreshing native plugins compatible for Editor in 2.61 ms, found 3 plugins.
Native extension for WindowsStandalone target not found
Package Manager log level set to [2]
[Package Manager] Failed to launch server process. Reason: Unity was launched with the -noUpm command-line argument
[Package Manager] Unable to send message (not connected to server process).
[Package Manager] Cannot connect to Unity Package Manager local server
ScheduleIndexationOnStartup MainProcess:False IndexOnStartup:True
Mono: successfully reloaded assembly
- Finished resetting the current domain, in  1.244 seconds
Domain Reload Profiling: 2745ms
	BeginReloadAssembly (395ms)
		ExecutionOrderSort (0ms)
		DisableScriptedObjects (6ms)
		BackupInstance (0ms)
		ReleaseScriptingObjects (0ms)
		CreateAndSetChildDomain (37ms)
	RebuildCommonClasses (62ms)
	RebuildNativeTypeToScriptingClass (15ms)
	initialDomainReloadingComplete (81ms)
	LoadAllAssembliesAndSetupDomain (947ms)
		LoadAssemblies (932ms)
		RebuildTransferFunctionScriptingTraits (0ms)
		AnalyzeDomain (305ms)
			TypeCache.Refresh (211ms)
				TypeCache.ScanAssembly (192ms)
			BuildScriptInfoCaches (77ms)
			ResolveRequiredComponents (12ms)
	FinalizeReload (1244ms)
		ReleaseScriptCaches (0ms)
		RebuildScriptCaches (0ms)
		SetupLoadedEditorAssemblies (853ms)
			LogAssemblyErrors (0ms)
			InitializePlatformSupportModulesInManaged (3ms)
			SetLoadedEditorAssemblies (7ms)
			BeforeProcessingInitializeOnLoad (152ms)
			ProcessInitializeOnLoadAttributes (588ms)
			ProcessInitializeOnLoadMethodAttributes (96ms)
			AfterProcessingInitializeOnLoad (6ms)
			EditorAssembliesLoaded (0ms)
		ExecutionOrderSort2 (0ms)
		AwakeInstancesAfterBackupRestoration (6ms)
Launched and connected shader compiler UnityShaderCompiler.exe after 0.08 seconds
Refreshing native plugins compatible for Editor in 2.82 ms, found 3 plugins.
Preloading 0 native plugins for Editor in 0.00 ms.
Unloading 16 Unused Serialized files (Serialized files now loaded: 0)
Unloading 6193 unused Assets / (4.1 MB). Loaded Objects now: 7003.
Memory consumption went from 147.7 MB to 143.5 MB.
Total: 8.408400 ms (FindLiveObjects: 0.471100 ms CreateObjectMapping: 0.463500 ms MarkObjects: 5.643000 ms  DeleteObjects: 1.830000 ms)

========================================================================
Received Import Request.
  Time since last request: 160048.292774 seconds.
  path: Assets/PBS Materials Variety Pack/Brick/Textures/Brick 1.png
  artifactKey: Guid(05b36941d386b344cabb84d439fd5da5) Importer(815301076,1909f56bfc062723c751e8b465ee728b)
Start importing Assets/PBS Materials Variety Pack/Brick/Textures/Brick 1.png using Guid(05b36941d386b344cabb84d439fd5da5) Importer(815301076,1909f56bfc062723c751e8b465ee728b) (PreviewImporter) -> (artifact id: '57e02c97cecfa8e1666bdad136c56011') in 0.1459217 seconds
Number of updated asset objects reloaded before import = 0Number of asset objects unloaded after import = 2

========================================================================
Received Import Request.
  Time since last request: 0.000034 seconds.
  path: Assets/PBS Materials Variety Pack/Brick/Textures/Brick 1 AO.png
  artifactKey: Guid(bb03ef76aa8e1ee41a57d3c69ce82b9f) Importer(815301076,1909f56bfc062723c751e8b465ee728b)
Start importing Assets/PBS Materials Variety Pack/Brick/Textures/Brick 1 AO.png using Guid(bb03ef76aa8e1ee41a57d3c69ce82b9f) Importer(815301076,1909f56bfc062723c751e8b465ee728b) (PreviewImporter) -> (artifact id: '365833747ddd094d2c1bc943bbfc6d32') in 0.0203481 seconds
Number of updated asset objects reloaded before import = 0Number of asset objects unloaded after import = 2

========================================================================
Received Import Request.
  Time since last request: 0.000082 seconds.
  path: Assets/PBS Materials Variety Pack/Brick/Textures/Brick 1 Normals.png
  artifactKey: Guid(f5f050de1a6b5bd4f942b0f5aafc8007) Importer(815301076,1909f56bfc062723c751e8b465ee728b)
Start importing Assets/PBS Materials Variety Pack/Brick/Textures/Brick 1 Normals.png using Guid(f5f050de1a6b5bd4f942b0f5aafc8007) Importer(815301076,1909f56bfc062723c751e8b465ee728b) (PreviewImporter) -> (artifact id: '37ba5e78cb0280f82c73b9b44408ec54') in 0.0443129 seconds
Number of updated asset objects reloaded before import = 0Number of asset objects unloaded after import = 2

========================================================================
Received Import Request.
  Time since last request: 1.152726 seconds.
  path: Assets/PBS Materials Variety Pack/Brick/Textures/Brick 10 AO.png
  artifactKey: Guid(29a5908d01c302641a8b2d4926f5bff0) Importer(815301076,1909f56bfc062723c751e8b465ee728b)
Start importing Assets/PBS Materials Variety Pack/Brick/Textures/Brick 10 AO.png using Guid(29a5908d01c302641a8b2d4926f5bff0) Importer(815301076,1909f56bfc062723c751e8b465ee728b) (PreviewImporter) -> (artifact id: '8d3f42f77b0fcff029254a082885480e') in 0.0330002 seconds
Number of updated asset objects reloaded before import = 0Number of asset objects unloaded after import = 2

========================================================================
Received Import Request.
  Time since last request: 0.092999 seconds.
  path: Assets/PBS Materials Variety Pack/Carpet/Textures/Carpet 1.png
  artifactKey: Guid(31cd981c8c2d8434ab4d516b9a2989d6) Importer(815301076,1909f56bfc062723c751e8b465ee728b)
Start importing Assets/PBS Materials Variety Pack/Carpet/Textures/Carpet 1.png using Guid(31cd981c8c2d8434ab4d516b9a2989d6) Importer(815301076,1909f56bfc062723c751e8b465ee728b) (PreviewImporter) -> (artifact id: '2d2af7739bdc5a304b347fffa496af59') in 0.0347813 seconds
Number of updated asset objects reloaded before import = 0Number of asset objects unloaded after import = 2

========================================================================
Received Import Request.
  Time since last request: 0.000036 seconds.
  path: Assets/PBS Materials Variety Pack/Carpet/Textures/Carpet 1 bump.png
  artifactKey: Guid(de0db600fb4513f47b603581d54b4589) Importer(815301076,1909f56bfc062723c751e8b465ee728b)
Start importing Assets/PBS Materials Variety Pack/Carpet/Textures/Carpet 1 bump.png using Guid(de0db600fb4513f47b603581d54b4589) Importer(815301076,1909f56bfc062723c751e8b465ee728b) (PreviewImporter) -> (artifact id: '00613b3a816139f50c640b1f5776fee4') in 0.022576 seconds
Number of updated asset objects reloaded before import = 0Number of asset objects unloaded after import = 2

========================================================================
Received Import Request.
  Time since last request: 0.000036 seconds.
  path: Assets/PBS Materials Variety Pack/Cobblestone/Textures/Cobblestone 1 Normals.png
  artifactKey: Guid(b53a8d460ad12fd44a8ac6247013bee3) Importer(815301076,1909f56bfc062723c751e8b465ee728b)
Start importing Assets/PBS Materials Variety Pack/Cobblestone/Textures/Cobblestone 1 Normals.png using Guid(b53a8d460ad12fd44a8ac6247013bee3) Importer(815301076,1909f56bfc062723c751e8b465ee728b) (PreviewImporter) -> (artifact id: 'eec74ee9ba62df85ca0599cb2155bb92') in 0.0328844 seconds
Number of updated asset objects reloaded before import = 0Number of asset objects unloaded after import = 2

========================================================================
Received Import Request.
  Time since last request: 1.606960 seconds.
  path: Assets/PBS Materials Variety Pack/Concrete/Textures/Concrete 1.png
  artifactKey: Guid(f25ebca7d22381545ae9e97cc7bc3684) Importer(815301076,1909f56bfc062723c751e8b465ee728b)
Start importing Assets/PBS Materials Variety Pack/Concrete/Textures/Concrete 1.png using Guid(f25ebca7d22381545ae9e97cc7bc3684) Importer(815301076,1909f56bfc062723c751e8b465ee728b) (PreviewImporter) -> (artifact id: 'ad0a5fe4ea7e2af8d369471608a0a00d') in 0.0485078 seconds
Number of updated asset objects reloaded before import = 0Number of asset objects unloaded after import = 2

========================================================================
Received Import Request.
  Time since last request: 0.002239 seconds.
  path: Assets/PBS Materials Variety Pack/Dirt/Textures/Dirt 3 bump.png
  artifactKey: Guid(32c171a7edf9d394c8219dca867c80d8) Importer(815301076,1909f56bfc062723c751e8b465ee728b)
Start importing Assets/PBS Materials Variety Pack/Dirt/Textures/Dirt 3 bump.png using Guid(32c171a7edf9d394c8219dca867c80d8) Importer(815301076,1909f56bfc062723c751e8b465ee728b) (PreviewImporter) -> (artifact id: '16d03430d3cc8f13f60078cbce62017b') in 0.0255668 seconds
Number of updated asset objects reloaded before import = 0Number of asset objects unloaded after import = 2

========================================================================
Received Import Request.
  Time since last request: 0.213178 seconds.
  path: Assets/PBS Materials Variety Pack/Dirt/Textures/Dirt 5 Displacement.png
  artifactKey: Guid(bbb9ae1f41ed84b40b4221647f76c173) Importer(815301076,1909f56bfc062723c751e8b465ee728b)
Start importing Assets/PBS Materials Variety Pack/Dirt/Textures/Dirt 5 Displacement.png using Guid(bbb9ae1f41ed84b40b4221647f76c173) Importer(815301076,1909f56bfc062723c751e8b465ee728b) (PreviewImporter) -> (artifact id: '49c52819e0473d5ec2636c483d4826bd') in 0.0270467 seconds
Number of updated asset objects reloaded before import = 0Number of asset objects unloaded after import = 2

========================================================================
Received Import Request.
  Time since last request: 0.000033 seconds.
  path: Assets/PBS Materials Variety Pack/Dirt/Textures/Dirt 7.png
  artifactKey: Guid(ca0b3df3ddb29c74485654fd10b2df05) Importer(815301076,1909f56bfc062723c751e8b465ee728b)
Start importing Assets/PBS Materials Variety Pack/Dirt/Textures/Dirt 7.png using Guid(ca0b3df3ddb29c74485654fd10b2df05) Importer(815301076,1909f56bfc062723c751e8b465ee728b) (PreviewImporter) -> (artifact id: 'eb7bd185b01fe27773c3cb7f7f3b91a2') in 0.0297217 seconds
Number of updated asset objects reloaded before import = 0Number of asset objects unloaded after import = 2

========================================================================
Received Import Request.
  Time since last request: 0.053107 seconds.
  path: Assets/PBS Materials Variety Pack/Fabric/Textures/Fabric 1 Displacement.png
  artifactKey: Guid(683f5aba1b7e14645b552c0875f25a14) Importer(815301076,1909f56bfc062723c751e8b465ee728b)
Start importing Assets/PBS Materials Variety Pack/Fabric/Textures/Fabric 1 Displacement.png using Guid(683f5aba1b7e14645b552c0875f25a14) Importer(815301076,1909f56bfc062723c751e8b465ee728b) (PreviewImporter) -> (artifact id: 'e70543a62187a7e18548b3b710206d71') in 0.0225032 seconds
Number of updated asset objects reloaded before import = 0Number of asset objects unloaded after import = 2

========================================================================
Received Import Request.
  Time since last request: 0.000045 seconds.
  path: Assets/PBS Materials Variety Pack/Fabric/Textures/Fabric 1 Normals.png
  artifactKey: Guid(8a5c5d7dba592904fb4c495b2ebe603b) Importer(815301076,1909f56bfc062723c751e8b465ee728b)
Start importing Assets/PBS Materials Variety Pack/Fabric/Textures/Fabric 1 Normals.png using Guid(8a5c5d7dba592904fb4c495b2ebe603b) Importer(815301076,1909f56bfc062723c751e8b465ee728b) (PreviewImporter) -> (artifact id: '17632eb171cf5f2776ab0d07f48b62d1') in 0.02844 seconds
Number of updated asset objects reloaded before import = 0Number of asset objects unloaded after import = 2

========================================================================
Received Import Request.
  Time since last request: 0.000053 seconds.
  path: Assets/PBS Materials Variety Pack/Food/Textures/Food 1.png
  artifactKey: Guid(aa4808bcebafd2840851e5fd13e683e4) Importer(815301076,1909f56bfc062723c751e8b465ee728b)
Start importing Assets/PBS Materials Variety Pack/Food/Textures/Food 1.png using Guid(aa4808bcebafd2840851e5fd13e683e4) Importer(815301076,1909f56bfc062723c751e8b465ee728b) (PreviewImporter) -> (artifact id: '84bdc968df8a5382dc33ade30d035d01') in 0.0166994 seconds
Number of updated asset objects reloaded before import = 0Number of asset objects unloaded after import = 2

========================================================================
Received Import Request.
  Time since last request: 0.000110 seconds.
  path: Assets/PBS Materials Variety Pack/Glass/Textures/Glass 2.png
  artifactKey: Guid(57bba971c23e728439e0ec482095aa8e) Importer(815301076,1909f56bfc062723c751e8b465ee728b)
Start importing Assets/PBS Materials Variety Pack/Glass/Textures/Glass 2.png using Guid(57bba971c23e728439e0ec482095aa8e) Importer(815301076,1909f56bfc062723c751e8b465ee728b) (PreviewImporter) -> (artifact id: '7e24f1e3673e38c99014d06fb89b48b1') in 0.0198673 seconds
Number of updated asset objects reloaded before import = 0Number of asset objects unloaded after import = 2

========================================================================
Received Import Request.
  Time since last request: 0.000050 seconds.
  path: Assets/PBS Materials Variety Pack/Grass/Textures/Grass 2.png
  artifactKey: Guid(d6d77018ee74c1141b9fa95d54c892bc) Importer(815301076,1909f56bfc062723c751e8b465ee728b)
Start importing Assets/PBS Materials Variety Pack/Grass/Textures/Grass 2.png using Guid(d6d77018ee74c1141b9fa95d54c892bc) Importer(815301076,1909f56bfc062723c751e8b465ee728b) (PreviewImporter) -> (artifact id: 'f1b3c734bcd297b6d9b1d52fe468f18f') in 0.0245459 seconds
Number of updated asset objects reloaded before import = 0Number of asset objects unloaded after import = 2

========================================================================
Received Import Request.
  Time since last request: 0.000037 seconds.
  path: Assets/PBS Materials Variety Pack/Glass/Textures/glass3_seamless_emission_glow.png
  artifactKey: Guid(4f8360a8d1ff946f39ac70adfd07553c) Importer(815301076,1909f56bfc062723c751e8b465ee728b)
Start importing Assets/PBS Materials Variety Pack/Glass/Textures/glass3_seamless_emission_glow.png using Guid(4f8360a8d1ff946f39ac70adfd07553c) Importer(815301076,1909f56bfc062723c751e8b465ee728b) (PreviewImporter) -> (artifact id: '05191c70facd9f01b8d182f36b42be93') in 0.0167007 seconds
Number of updated asset objects reloaded before import = 0Number of asset objects unloaded after import = 2

========================================================================
Received Import Request.
  Time since last request: 0.000030 seconds.
  path: Assets/PBS Materials Variety Pack/Grass/Textures/Grass 2 Normals.png
  artifactKey: Guid(41ce07a1916e7744baa97dcebee1b3c9) Importer(815301076,1909f56bfc062723c751e8b465ee728b)
Start importing Assets/PBS Materials Variety Pack/Grass/Textures/Grass 2 Normals.png using Guid(41ce07a1916e7744baa97dcebee1b3c9) Importer(815301076,1909f56bfc062723c751e8b465ee728b) (PreviewImporter) -> (artifact id: '6e4e467bfb78ed4b6e4cff6a8c637515') in 0.0286991 seconds
Number of updated asset objects reloaded before import = 0Number of asset objects unloaded after import = 2

========================================================================
Received Import Request.
  Time since last request: 0.497956 seconds.
  path: Assets/PBS Materials Variety Pack/Grass/Textures/Grass 3 Occlusion.png
  artifactKey: Guid(f17dc160240dd354dbf1720d7e671397) Importer(815301076,1909f56bfc062723c751e8b465ee728b)
Start importing Assets/PBS Materials Variety Pack/Grass/Textures/Grass 3 Occlusion.png using Guid(f17dc160240dd354dbf1720d7e671397) Importer(815301076,1909f56bfc062723c751e8b465ee728b) (PreviewImporter) -> (artifact id: '45406c530950cfb2f09612103c19b246') in 0.0339359 seconds
Number of updated asset objects reloaded before import = 0Number of asset objects unloaded after import = 2

========================================================================
Received Import Request.
  Time since last request: 0.000044 seconds.
  path: Assets/PBS Materials Variety Pack/Hex Lattice/hexagonal lattice_Textures/16/hexagonal_lattice_albedo.png
  artifactKey: Guid(bfe65770471b74754b427087633066cb) Importer(815301076,1909f56bfc062723c751e8b465ee728b)
Start importing Assets/PBS Materials Variety Pack/Hex Lattice/hexagonal lattice_Textures/16/hexagonal_lattice_albedo.png using Guid(bfe65770471b74754b427087633066cb) Importer(815301076,1909f56bfc062723c751e8b465ee728b) (PreviewImporter) -> (artifact id: '07de7a1ece6fec6729226d8899175ad6') in 0.0343131 seconds
Number of updated asset objects reloaded before import = 0Number of asset objects unloaded after import = 2

========================================================================
Received Import Request.
  Time since last request: 0.000039 seconds.
  path: Assets/PBS Materials Variety Pack/Hex Lattice/hexagonal lattice_Textures/16/hexagonal_lattice_height.tif
  artifactKey: Guid(6116cfbc49ccf4333b437b69449e47e9) Importer(815301076,1909f56bfc062723c751e8b465ee728b)
Start importing Assets/PBS Materials Variety Pack/Hex Lattice/hexagonal lattice_Textures/16/hexagonal_lattice_height.tif using Guid(6116cfbc49ccf4333b437b69449e47e9) Importer(815301076,1909f56bfc062723c751e8b465ee728b) (PreviewImporter) -> (artifact id: 'f25a90faf71729c87e37181c644618bb') in 0.0227102 seconds
Number of updated asset objects reloaded before import = 0Number of asset objects unloaded after import = 2

========================================================================
Received Import Request.
  Time since last request: 0.057528 seconds.
  path: Assets/PBS Materials Variety Pack/Hex Lattice/hexagonal lattice_Textures/16/hexagonal_lattice_roughness.tif
  artifactKey: Guid(b5148ec00cf354e23b4b46e8576d50b5) Importer(815301076,1909f56bfc062723c751e8b465ee728b)
Start importing Assets/PBS Materials Variety Pack/Hex Lattice/hexagonal lattice_Textures/16/hexagonal_lattice_roughness.tif using Guid(b5148ec00cf354e23b4b46e8576d50b5) Importer(815301076,1909f56bfc062723c751e8b465ee728b) (PreviewImporter) -> (artifact id: 'ffcc6d0bb187a7530d34b485dabf04f6') in 0.0235607 seconds
Number of updated asset objects reloaded before import = 0Number of asset objects unloaded after import = 2

========================================================================
Received Import Request.
  Time since last request: 0.511907 seconds.
  path: Assets/PBS Materials Variety Pack/Hex Lattice/hexagonal lattice_Textures/07/lattice_07_height.tif
  artifactKey: Guid(9b5481b85fe2a451a8a087dc0772e5fe) Importer(815301076,1909f56bfc062723c751e8b465ee728b)
Start importing Assets/PBS Materials Variety Pack/Hex Lattice/hexagonal lattice_Textures/07/lattice_07_height.tif using Guid(9b5481b85fe2a451a8a087dc0772e5fe) Importer(815301076,1909f56bfc062723c751e8b465ee728b) (PreviewImporter) -> (artifact id: '572c891540412394920a7290eb2d415f') in 0.0607951 seconds
Number of updated asset objects reloaded before import = 0Number of asset objects unloaded after import = 2

========================================================================
Received Import Request.
  Time since last request: 1.378951 seconds.
  path: Assets/PBS Materials Variety Pack/Hex Lattice/hexagonal lattice_Textures/07/lattice_07_opacity.tif
  artifactKey: Guid(f84d193427dac4571890586e4166fa5a) Importer(815301076,1909f56bfc062723c751e8b465ee728b)
Start importing Assets/PBS Materials Variety Pack/Hex Lattice/hexagonal lattice_Textures/07/lattice_07_opacity.tif using Guid(f84d193427dac4571890586e4166fa5a) Importer(815301076,1909f56bfc062723c751e8b465ee728b) (PreviewImporter) -> (artifact id: 'e2cb5aed135411af4448cf0211cda08f') in 0.0482213 seconds
Number of updated asset objects reloaded before import = 0Number of asset objects unloaded after import = 2

========================================================================
Received Import Request.
  Time since last request: 1.148925 seconds.
  path: Assets/PBS Materials Variety Pack/Hex Lattice/hexagonal lattice_Textures/08/lattice_08_emissive.tif
  artifactKey: Guid(457785d4d63eb4b2a96e335b316e93c5) Importer(815301076,1909f56bfc062723c751e8b465ee728b)
Start importing Assets/PBS Materials Variety Pack/Hex Lattice/hexagonal lattice_Textures/08/lattice_08_emissive.tif using Guid(457785d4d63eb4b2a96e335b316e93c5) Importer(815301076,1909f56bfc062723c751e8b465ee728b) (PreviewImporter) -> (artifact id: 'ee72ae5d57d16f4250465459c8d740fb') in 0.0447593 seconds
Number of updated asset objects reloaded before import = 0Number of asset objects unloaded after import = 2

========================================================================
Received Import Request.
  Time since last request: 0.000036 seconds.
  path: Assets/PBS Materials Variety Pack/Hex Lattice/hexagonal lattice_Textures/08/lattice_08_normal_direct_x.tif
  artifactKey: Guid(17789a49707784a4089803694727cee9) Importer(815301076,1909f56bfc062723c751e8b465ee728b)
Start importing Assets/PBS Materials Variety Pack/Hex Lattice/hexagonal lattice_Textures/08/lattice_08_normal_direct_x.tif using Guid(17789a49707784a4089803694727cee9) Importer(815301076,1909f56bfc062723c751e8b465ee728b) (PreviewImporter) -> (artifact id: 'e62e4e4fcb40f0c3b1b0e99f1b40734b') in 0.0276509 seconds
Number of updated asset objects reloaded before import = 0Number of asset objects unloaded after import = 2

========================================================================
Received Import Request.
  Time since last request: 0.046018 seconds.
  path: Assets/PBS Materials Variety Pack/Hex Lattice/hexagonal lattice_Textures/14/lattice_14_basecolor.tif
  artifactKey: Guid(6eeee19506e8b4aca815ab48ec1336cd) Importer(815301076,1909f56bfc062723c751e8b465ee728b)
Start importing Assets/PBS Materials Variety Pack/Hex Lattice/hexagonal lattice_Textures/14/lattice_14_basecolor.tif using Guid(6eeee19506e8b4aca815ab48ec1336cd) Importer(815301076,1909f56bfc062723c751e8b465ee728b) (PreviewImporter) -> (artifact id: 'da0d191df9479f4fb508f18463d12284') in 0.0250371 seconds
Number of updated asset objects reloaded before import = 0Number of asset objects unloaded after import = 2

========================================================================
Received Import Request.
  Time since last request: 0.000036 seconds.
  path: Assets/PBS Materials Variety Pack/Hex Lattice/hexagonal lattice_Textures/14/lattice_14_emissive.tif
  artifactKey: Guid(b4e106020569a46a1acfa238dbb3cb70) Importer(815301076,1909f56bfc062723c751e8b465ee728b)
Start importing Assets/PBS Materials Variety Pack/Hex Lattice/hexagonal lattice_Textures/14/lattice_14_emissive.tif using Guid(b4e106020569a46a1acfa238dbb3cb70) Importer(815301076,1909f56bfc062723c751e8b465ee728b) (PreviewImporter) -> (artifact id: '3dd8ca9722d18b3eac589246d64f514f') in 0.0203611 seconds
Number of updated asset objects reloaded before import = 0Number of asset objects unloaded after import = 2

========================================================================
Received Import Request.
  Time since last request: 0.577320 seconds.
  path: Assets/PBS Materials Variety Pack/Hex Lattice/hexagonal lattice_Textures/14/lattice_14_normal_direct_x.tif
  artifactKey: Guid(a102d09fefc4d46ab9c19c7133b76cb4) Importer(815301076,1909f56bfc062723c751e8b465ee728b)
Start importing Assets/PBS Materials Variety Pack/Hex Lattice/hexagonal lattice_Textures/14/lattice_14_normal_direct_x.tif using Guid(a102d09fefc4d46ab9c19c7133b76cb4) Importer(815301076,1909f56bfc062723c751e8b465ee728b) (PreviewImporter) -> (artifact id: '18529be22acd2fdf31df46fe82b0f1cb') in 0.0278785 seconds
Number of updated asset objects reloaded before import = 0Number of asset objects unloaded after import = 2

========================================================================
Received Import Request.
  Time since last request: 0.000057 seconds.
  path: Assets/PBS Materials Variety Pack/Hex Lattice/hexagonal lattice_Textures/14/lattice_14_roughness.tif
  artifactKey: Guid(dcaaff4e964624651bf0bc66c0210c20) Importer(815301076,1909f56bfc062723c751e8b465ee728b)
Start importing Assets/PBS Materials Variety Pack/Hex Lattice/hexagonal lattice_Textures/14/lattice_14_roughness.tif using Guid(dcaaff4e964624651bf0bc66c0210c20) Importer(815301076,1909f56bfc062723c751e8b465ee728b) (PreviewImporter) -> (artifact id: '80b012526caf12f3746bbd97e390bc25') in 0.0214419 seconds
Number of updated asset objects reloaded before import = 0Number of asset objects unloaded after import = 2

========================================================================
Received Import Request.
  Time since last request: 0.000059 seconds.
  path: Assets/PBS Materials Variety Pack/Hex Lattice/hexagonal lattice_Textures/14/lattice_14_opacity.tif
  artifactKey: Guid(3cec573f13a73480f8d1e270f061924b) Importer(815301076,1909f56bfc062723c751e8b465ee728b)
Start importing Assets/PBS Materials Variety Pack/Hex Lattice/hexagonal lattice_Textures/14/lattice_14_opacity.tif using Guid(3cec573f13a73480f8d1e270f061924b) Importer(815301076,1909f56bfc062723c751e8b465ee728b) (PreviewImporter) -> (artifact id: 'f13f1c719e69210b2098885bfa4115b8') in 0.0242396 seconds
Number of updated asset objects reloaded before import = 0Number of asset objects unloaded after import = 2

========================================================================
Received Import Request.
  Time since last request: 0.000023 seconds.
  path: Assets/PBS Materials Variety Pack/Metal/Textures/Metal 5 Occlusion.png
  artifactKey: Guid(79a41210721f3e540b2dfb5c2850e7a4) Importer(815301076,1909f56bfc062723c751e8b465ee728b)
Start importing Assets/PBS Materials Variety Pack/Metal/Textures/Metal 5 Occlusion.png using Guid(79a41210721f3e540b2dfb5c2850e7a4) Importer(815301076,1909f56bfc062723c751e8b465ee728b) (PreviewImporter) -> (artifact id: 'cf99b49c0c16ae54403317f5bf8e2824') in 0.0244848 seconds
Number of updated asset objects reloaded before import = 0Number of asset objects unloaded after import = 2

========================================================================
Received Import Request.
  Time since last request: 0.953031 seconds.
  path: Assets/PBS Materials Variety Pack/Metal/Textures/Metal 11.png
  artifactKey: Guid(cf1a3f0058e3a8840a0745f00321cbd0) Importer(815301076,1909f56bfc062723c751e8b465ee728b)
Start importing Assets/PBS Materials Variety Pack/Metal/Textures/Metal 11.png using Guid(cf1a3f0058e3a8840a0745f00321cbd0) Importer(815301076,1909f56bfc062723c751e8b465ee728b) (PreviewImporter) -> (artifact id: '5e02647ca180a1ef8c304bfd61c27081') in 0.0493767 seconds
Number of updated asset objects reloaded before import = 0Number of asset objects unloaded after import = 2

========================================================================
Received Import Request.
  Time since last request: 0.384775 seconds.
  path: Assets/PBS Materials Variety Pack/Metal/Textures/Metal 16.png
  artifactKey: Guid(9b6f43ae81be5384c876908af651b62d) Importer(815301076,1909f56bfc062723c751e8b465ee728b)
Start importing Assets/PBS Materials Variety Pack/Metal/Textures/Metal 16.png using Guid(9b6f43ae81be5384c876908af651b62d) Importer(815301076,1909f56bfc062723c751e8b465ee728b) (PreviewImporter) -> (artifact id: '48ba0dbd04194835a256bdf963a71fa6') in 0.0655046 seconds
Number of updated asset objects reloaded before import = 0Number of asset objects unloaded after import = 2

========================================================================
Received Import Request.
  Time since last request: 0.000040 seconds.
  path: Assets/PBS Materials Variety Pack/Metal/Textures/Metal 16 Occlusion.png
  artifactKey: Guid(5421c4910b13bb64c98d4e6d9d064407) Importer(815301076,1909f56bfc062723c751e8b465ee728b)
Start importing Assets/PBS Materials Variety Pack/Metal/Textures/Metal 16 Occlusion.png using Guid(5421c4910b13bb64c98d4e6d9d064407) Importer(815301076,1909f56bfc062723c751e8b465ee728b) (PreviewImporter) -> (artifact id: 'd285526be8094628d9430b9470044d75') in 0.031786 seconds
Number of updated asset objects reloaded before import = 0Number of asset objects unloaded after import = 2

========================================================================
Received Import Request.
  Time since last request: 0.000054 seconds.
  path: Assets/PBS Materials Variety Pack/Metal/Textures/Metal 17.png
  artifactKey: Guid(9a4d9911b1098004eb7fa0ab8eb5b408) Importer(815301076,1909f56bfc062723c751e8b465ee728b)
Start importing Assets/PBS Materials Variety Pack/Metal/Textures/Metal 17.png using Guid(9a4d9911b1098004eb7fa0ab8eb5b408) Importer(815301076,1909f56bfc062723c751e8b465ee728b) (PreviewImporter) -> (artifact id: 'dc2d981efce2352d83c9916b12487c26') in 0.0351619 seconds
Number of updated asset objects reloaded before import = 0Number of asset objects unloaded after import = 2

========================================================================
Received Import Request.
  Time since last request: 73.794198 seconds.
  path: Packages/com.unity.render-pipelines.universal/Shaders/Terrain/TerrainDetailLitPasses.hlsl
  artifactKey: Guid(749e1c2d203942319da1fdb1d94c5f2a) Importer(815301076,1909f56bfc062723c751e8b465ee728b)
Start importing Packages/com.unity.render-pipelines.universal/Shaders/Terrain/TerrainDetailLitPasses.hlsl using Guid(749e1c2d203942319da1fdb1d94c5f2a) Importer(815301076,1909f56bfc062723c751e8b465ee728b) (PreviewImporter) -> (artifact id: '29acf3c2887dd269404d5671f10a893d') in 0.0050619 seconds
Number of updated asset objects reloaded before import = 0Number of asset objects unloaded after import = 1

========================================================================
Received Import Request.
  Time since last request: 0.000043 seconds.
  path: Packages/com.unity.render-pipelines.universal/Shaders/Terrain/TerrainLitDepthNormalsPass.hlsl
  artifactKey: Guid(7b6328a4b0ed14a9ea5e0629d7c7966c) Importer(815301076,1909f56bfc062723c751e8b465ee728b)
Start importing Packages/com.unity.render-pipelines.universal/Shaders/Terrain/TerrainLitDepthNormalsPass.hlsl using Guid(7b6328a4b0ed14a9ea5e0629d7c7966c) Importer(815301076,1909f56bfc062723c751e8b465ee728b) (PreviewImporter) -> (artifact id: '3b49adcc29d80d5b938289e7d3d037b8') in 0.0028891 seconds
Number of updated asset objects reloaded before import = 0Number of asset objects unloaded after import = 1

========================================================================
Received Import Request.
  Time since last request: 0.000055 seconds.
  path: Packages/com.unity.render-pipelines.universal/Shaders/Terrain/TerrainTextureNode.hlsl
  artifactKey: Guid(aa602bf7da734370bdb394a751f56555) Importer(815301076,1909f56bfc062723c751e8b465ee728b)
Start importing Packages/com.unity.render-pipelines.universal/Shaders/Terrain/TerrainTextureNode.hlsl using Guid(aa602bf7da734370bdb394a751f56555) Importer(815301076,1909f56bfc062723c751e8b465ee728b) (PreviewImporter) -> (artifact id: 'a34388f3c4c3cc50dbe5f7ac2722a334') in 0.0037197 seconds
Number of updated asset objects reloaded before import = 0Number of asset objects unloaded after import = 1

========================================================================
Received Import Request.
  Time since last request: 0.000029 seconds.
  path: Packages/com.unity.render-pipelines.universal/Shaders/Terrain/TerrainLitPasses.hlsl
  artifactKey: Guid(ad25529ea2516421ab5f1a2440bee139) Importer(815301076,1909f56bfc062723c751e8b465ee728b)
Start importing Packages/com.unity.render-pipelines.universal/Shaders/Terrain/TerrainLitPasses.hlsl using Guid(ad25529ea2516421ab5f1a2440bee139) Importer(815301076,1909f56bfc062723c751e8b465ee728b) (PreviewImporter) -> (artifact id: '03a3c72c1789a6b34a77bd7585fafc69') in 0.004916 seconds
Number of updated asset objects reloaded before import = 0Number of asset objects unloaded after import = 1

========================================================================
Received Import Request.
  Time since last request: 0.000024 seconds.
  path: Packages/com.unity.render-pipelines.universal/Shaders/Terrain/WavingGrassInput.hlsl
  artifactKey: Guid(ca55f7593a02f4c1ab1bdbc03282d7af) Importer(815301076,1909f56bfc062723c751e8b465ee728b)
Start importing Packages/com.unity.render-pipelines.universal/Shaders/Terrain/WavingGrassInput.hlsl using Guid(ca55f7593a02f4c1ab1bdbc03282d7af) Importer(815301076,1909f56bfc062723c751e8b465ee728b) (PreviewImporter) -> (artifact id: 'a42f69b19c95296213c65cbdddd34343') in 0.0036721 seconds
Number of updated asset objects reloaded before import = 0Number of asset objects unloaded after import = 1

========================================================================
Received Prepare
Begin MonoManager ReloadAssembly
[Licensing::Client] Successfully resolved entitlement details
- Loaded All Assemblies, in  1.319 seconds
Refreshing native plugins compatible for Editor in 5.37 ms, found 3 plugins.
Native extension for WindowsStandalone target not found
[Package Manager] Failed to launch server process. Reason: Unity was launched with the -noUpm command-line argument
[Package Manager] Unable to send message (not connected to server process).
[Package Manager] Cannot connect to Unity Package Manager local server
ScheduleIndexationOnStartup MainProcess:False IndexOnStartup:True
Mono: successfully reloaded assembly
- Finished resetting the current domain, in  2.314 seconds
Domain Reload Profiling: 3632ms
	BeginReloadAssembly (371ms)
		ExecutionOrderSort (0ms)
		DisableScriptedObjects (6ms)
		BackupInstance (0ms)
		ReleaseScriptingObjects (0ms)
		CreateAndSetChildDomain (74ms)
	RebuildCommonClasses (80ms)
	RebuildNativeTypeToScriptingClass (23ms)
	initialDomainReloadingComplete (54ms)
	LoadAllAssembliesAndSetupDomain (788ms)
		LoadAssemblies (696ms)
		RebuildTransferFunctionScriptingTraits (0ms)
		AnalyzeDomain (305ms)
			TypeCache.Refresh (8ms)
				TypeCache.ScanAssembly (0ms)
			BuildScriptInfoCaches (265ms)
			ResolveRequiredComponents (23ms)
	FinalizeReload (2316ms)
		ReleaseScriptCaches (0ms)
		RebuildScriptCaches (0ms)
		SetupLoadedEditorAssemblies (1983ms)
			LogAssemblyErrors (0ms)
			InitializePlatformSupportModulesInManaged (3ms)
			SetLoadedEditorAssemblies (9ms)
			BeforeProcessingInitializeOnLoad (276ms)
			ProcessInitializeOnLoadAttributes (1433ms)
			ProcessInitializeOnLoadMethodAttributes (230ms)
			AfterProcessingInitializeOnLoad (30ms)
			EditorAssembliesLoaded (2ms)
		ExecutionOrderSort2 (0ms)
		AwakeInstancesAfterBackupRestoration (52ms)
Refreshing native plugins compatible for Editor in 13.77 ms, found 3 plugins.
Preloading 0 native plugins for Editor in 0.00 ms.
Unloading 16 Unused Serialized files (Serialized files now loaded: 0)
Unloading 6191 unused Assets / (3.5 MB). Loaded Objects now: 7025.
Memory consumption went from 153.2 MB to 149.7 MB.
Total: 30.935000 ms (FindLiveObjects: 1.161800 ms CreateObjectMapping: 2.365800 ms MarkObjects: 17.884400 ms  DeleteObjects: 9.516000 ms)

Prepare: number of updated asset objects reloaded= 0
========================================================================
Received Import Request.
  Time since last request: 89.317646 seconds.
  path: Assets/PBS Materials Variety Pack/Metal/Textures/Metal 17 Normals.png
  artifactKey: Guid(d663203d1584e5747b1d4a9ed031c5e4) Importer(815301076,1909f56bfc062723c751e8b465ee728b)
Start importing Assets/PBS Materials Variety Pack/Metal/Textures/Metal 17 Normals.png using Guid(d663203d1584e5747b1d4a9ed031c5e4) Importer(815301076,1909f56bfc062723c751e8b465ee728b) (PreviewImporter) -> (artifact id: '987a6d0cf6af277e8c757951c74d6de0') in 0.1070093 seconds
Number of updated asset objects reloaded before import = 0Number of asset objects unloaded after import = 2

========================================================================
Received Import Request.
  Time since last request: 0.000046 seconds.
  path: Assets/PBS Materials Variety Pack/Metal/Textures/Metal Rust.png
  artifactKey: Guid(6dee8531389b86946bd051f79a6f9020) Importer(815301076,1909f56bfc062723c751e8b465ee728b)
Start importing Assets/PBS Materials Variety Pack/Metal/Textures/Metal Rust.png using Guid(6dee8531389b86946bd051f79a6f9020) Importer(815301076,1909f56bfc062723c751e8b465ee728b) (PreviewImporter) -> (artifact id: '976c5a06ce86cafe19b2ebc78f5edb72') in 0.0222037 seconds
Number of updated asset objects reloaded before import = 0Number of asset objects unloaded after import = 2

========================================================================
Received Import Request.
  Time since last request: 0.504721 seconds.
  path: Assets/PBS Materials Variety Pack/Metal/Textures/Metal Rust 2 Normals.png
  artifactKey: Guid(578c9534299edcd47a91730be033d460) Importer(815301076,1909f56bfc062723c751e8b465ee728b)
Start importing Assets/PBS Materials Variety Pack/Metal/Textures/Metal Rust 2 Normals.png using Guid(578c9534299edcd47a91730be033d460) Importer(815301076,1909f56bfc062723c751e8b465ee728b) (PreviewImporter) -> (artifact id: '43a1b2c31beb5eaca890160d3bc6aa34') in 0.0837031 seconds
Number of updated asset objects reloaded before import = 0Number of asset objects unloaded after import = 2

========================================================================
Received Import Request.
  Time since last request: 0.000036 seconds.
  path: Assets/PBS Materials Variety Pack/Metal/Textures/Metal Rust Metallic.png
  artifactKey: Guid(95b5b12522494c541b34b4cc6f7fae8d) Importer(815301076,1909f56bfc062723c751e8b465ee728b)
Start importing Assets/PBS Materials Variety Pack/Metal/Textures/Metal Rust Metallic.png using Guid(95b5b12522494c541b34b4cc6f7fae8d) Importer(815301076,1909f56bfc062723c751e8b465ee728b) (PreviewImporter) -> (artifact id: 'ef0e3d81f416c4e98c218680d7ea4512') in 0.0486156 seconds
Number of updated asset objects reloaded before import = 0Number of asset objects unloaded after import = 2

========================================================================
Received Import Request.
  Time since last request: 0.000061 seconds.
  path: Assets/PBS Materials Variety Pack/Wooden Boards/Textures/NiceDust.png
  artifactKey: Guid(aed1d69bbe159a445a40fb1f523730ab) Importer(815301076,1909f56bfc062723c751e8b465ee728b)
Start importing Assets/PBS Materials Variety Pack/Wooden Boards/Textures/NiceDust.png using Guid(aed1d69bbe159a445a40fb1f523730ab) Importer(815301076,1909f56bfc062723c751e8b465ee728b) (PreviewImporter) -> (artifact id: '4d02188a89d3f9952beeed3b12d2276a') in 0.0216094 seconds
Number of updated asset objects reloaded before import = 0Number of asset objects unloaded after import = 2

========================================================================
Received Import Request.
  Time since last request: 0.000045 seconds.
  path: Assets/PBS Materials Variety Pack/Metal/Textures/Metal Rust Normals.png
  artifactKey: Guid(523185ac83753b249a110b4506f37970) Importer(815301076,1909f56bfc062723c751e8b465ee728b)
Start importing Assets/PBS Materials Variety Pack/Metal/Textures/Metal Rust Normals.png using Guid(523185ac83753b249a110b4506f37970) Importer(815301076,1909f56bfc062723c751e8b465ee728b) (PreviewImporter) -> (artifact id: '465dd62b28fb203cd5dbe322671cffc7') in 0.0283583 seconds
Number of updated asset objects reloaded before import = 0Number of asset objects unloaded after import = 2

========================================================================
Received Import Request.
  Time since last request: 0.000276 seconds.
  path: Assets/PBS Materials Variety Pack/Rocks/Textures/Rocks 1 Occlusion.png
  artifactKey: Guid(8f091981196afba42a180f56136e5414) Importer(815301076,1909f56bfc062723c751e8b465ee728b)
Start importing Assets/PBS Materials Variety Pack/Rocks/Textures/Rocks 1 Occlusion.png using Guid(8f091981196afba42a180f56136e5414) Importer(815301076,1909f56bfc062723c751e8b465ee728b) (PreviewImporter) -> (artifact id: 'f98cf4edca715479e341dcf27b16a02d') in 0.0348676 seconds
Number of updated asset objects reloaded before import = 0Number of asset objects unloaded after import = 2

========================================================================
Received Import Request.
  Time since last request: 0.000062 seconds.
  path: Assets/PBS Materials Variety Pack/Paint/Textures/Paint 1 Occlusion.png
  artifactKey: Guid(15505d7f93fe72a45a43d8e13c9c789b) Importer(815301076,1909f56bfc062723c751e8b465ee728b)
Start importing Assets/PBS Materials Variety Pack/Paint/Textures/Paint 1 Occlusion.png using Guid(15505d7f93fe72a45a43d8e13c9c789b) Importer(815301076,1909f56bfc062723c751e8b465ee728b) (PreviewImporter) -> (artifact id: '05e80d6014fd044cc17d03ad47dcfb87') in 0.0293937 seconds
Number of updated asset objects reloaded before import = 0Number of asset objects unloaded after import = 2

========================================================================
Received Import Request.
  Time since last request: 0.000063 seconds.
  path: Assets/PBS Materials Variety Pack/000 Example Scene Sample/ReflectionProbe-0.exr
  artifactKey: Guid(2ceb8b695a9c14ef481c017411638f5c) Importer(815301076,1909f56bfc062723c751e8b465ee728b)
Start importing Assets/PBS Materials Variety Pack/000 Example Scene Sample/ReflectionProbe-0.exr using Guid(2ceb8b695a9c14ef481c017411638f5c) Importer(815301076,1909f56bfc062723c751e8b465ee728b) (PreviewImporter) -> (artifact id: '90f0b36bca54075c7fcd6ac914ec4814') in 1.0485295 seconds
Number of updated asset objects reloaded before import = 0Number of asset objects unloaded after import = 1

========================================================================
Received Import Request.
  Time since last request: 0.000078 seconds.
  path: Assets/PBS Materials Variety Pack/Rocks/Textures/Rocks 5.png
  artifactKey: Guid(2f4fc8a273813d44ca43f997b99cce26) Importer(815301076,1909f56bfc062723c751e8b465ee728b)
Start importing Assets/PBS Materials Variety Pack/Rocks/Textures/Rocks 5.png using Guid(2f4fc8a273813d44ca43f997b99cce26) Importer(815301076,1909f56bfc062723c751e8b465ee728b) (PreviewImporter) -> (artifact id: 'f8810503fe0d31565f8bf17cf9690316') in 0.0211272 seconds
Number of updated asset objects reloaded before import = 0Number of asset objects unloaded after import = 2

========================================================================
Received Import Request.
  Time since last request: 0.000058 seconds.
  path: Assets/PBS Materials Variety Pack/Rocks/Textures/Rocks 5 Occlusion.png
  artifactKey: Guid(1f26a96a2e2f51c419e694f58abf7bd2) Importer(815301076,1909f56bfc062723c751e8b465ee728b)
Start importing Assets/PBS Materials Variety Pack/Rocks/Textures/Rocks 5 Occlusion.png using Guid(1f26a96a2e2f51c419e694f58abf7bd2) Importer(815301076,1909f56bfc062723c751e8b465ee728b) (PreviewImporter) -> (artifact id: '13079063e62c3713a59d4417c2b0d6db') in 0.0223175 seconds
Number of updated asset objects reloaded before import = 0Number of asset objects unloaded after import = 2

========================================================================
Received Import Request.
  Time since last request: 0.000043 seconds.
  path: Assets/PBS Materials Variety Pack/Rocks/Textures/Rocks 3 Displacement.png
  artifactKey: Guid(fe940a9a68f8d5741b2c4aa6c30f10e5) Importer(815301076,1909f56bfc062723c751e8b465ee728b)
Start importing Assets/PBS Materials Variety Pack/Rocks/Textures/Rocks 3 Displacement.png using Guid(fe940a9a68f8d5741b2c4aa6c30f10e5) Importer(815301076,1909f56bfc062723c751e8b465ee728b) (PreviewImporter) -> (artifact id: 'a53d264dae946815c3251be4c171870d') in 0.0250821 seconds
Number of updated asset objects reloaded before import = 0Number of asset objects unloaded after import = 2

========================================================================
Received Import Request.
  Time since last request: 0.000051 seconds.
  path: Assets/PBS Materials Variety Pack/Shingles/Textures/Shingles 1 Displacement.png
  artifactKey: Guid(71d01d0ff3922e94a98cf53658455298) Importer(815301076,1909f56bfc062723c751e8b465ee728b)
Start importing Assets/PBS Materials Variety Pack/Shingles/Textures/Shingles 1 Displacement.png using Guid(71d01d0ff3922e94a98cf53658455298) Importer(815301076,1909f56bfc062723c751e8b465ee728b) (PreviewImporter) -> (artifact id: 'f2a263fcb138459db88b77e2c3abe23c') in 0.0290713 seconds
Number of updated asset objects reloaded before import = 0Number of asset objects unloaded after import = 2

========================================================================
Received Import Request.
  Time since last request: 0.000147 seconds.
  path: Assets/PBS Materials Variety Pack/Rocks/Textures/Rocks 3.png
  artifactKey: Guid(36622841c4076ed49b25a225df68e946) Importer(815301076,1909f56bfc062723c751e8b465ee728b)
Start importing Assets/PBS Materials Variety Pack/Rocks/Textures/Rocks 3.png using Guid(36622841c4076ed49b25a225df68e946) Importer(815301076,1909f56bfc062723c751e8b465ee728b) (PreviewImporter) -> (artifact id: 'ab71d96e7233bb58bbb9d0f5e0dff383') in 0.0327668 seconds
Number of updated asset objects reloaded before import = 0Number of asset objects unloaded after import = 2

========================================================================
Received Import Request.
  Time since last request: 0.000114 seconds.
  path: Assets/PBS Materials Variety Pack/Rocks/Textures/Rocks6_Normals.png
  artifactKey: Guid(7633817a1c46fca4d8424d707d87d50b) Importer(815301076,1909f56bfc062723c751e8b465ee728b)
Start importing Assets/PBS Materials Variety Pack/Rocks/Textures/Rocks6_Normals.png using Guid(7633817a1c46fca4d8424d707d87d50b) Importer(815301076,1909f56bfc062723c751e8b465ee728b) (PreviewImporter) -> (artifact id: 'ce9ea7506dcfca634cdb6c1823100343') in 0.0340125 seconds
Number of updated asset objects reloaded before import = 0Number of asset objects unloaded after import = 2

========================================================================
Received Import Request.
  Time since last request: 0.000118 seconds.
  path: Assets/PBS Materials Variety Pack/Rocks/Textures/Rocks 6.png
  artifactKey: Guid(5136f3fbfc9070144a0dd22bd4689284) Importer(815301076,1909f56bfc062723c751e8b465ee728b)
Start importing Assets/PBS Materials Variety Pack/Rocks/Textures/Rocks 6.png using Guid(5136f3fbfc9070144a0dd22bd4689284) Importer(815301076,1909f56bfc062723c751e8b465ee728b) (PreviewImporter) -> (artifact id: 'd00c483192994e5368b5dc25c9a72cfd') in 0.0378871 seconds
Number of updated asset objects reloaded before import = 0Number of asset objects unloaded after import = 2

========================================================================
Received Import Request.
  Time since last request: 0.000107 seconds.
  path: Assets/PBS Materials Variety Pack/Rocks/Textures/Rocks6_AO.png
  artifactKey: Guid(c00b25e229f5d38439d7cd719ce2ceb0) Importer(815301076,1909f56bfc062723c751e8b465ee728b)
Start importing Assets/PBS Materials Variety Pack/Rocks/Textures/Rocks6_AO.png using Guid(c00b25e229f5d38439d7cd719ce2ceb0) Importer(815301076,1909f56bfc062723c751e8b465ee728b) (PreviewImporter) -> (artifact id: '61d4ec9e4f2f2783fded440d80012616') in 0.0260965 seconds
Number of updated asset objects reloaded before import = 0Number of asset objects unloaded after import = 2

========================================================================
Received Import Request.
  Time since last request: 0.000036 seconds.
  path: Assets/PBS Materials Variety Pack/Shingles/Textures/Shingles 1.png
  artifactKey: Guid(53b2b3dfb81881140a95ec8302bdb024) Importer(815301076,1909f56bfc062723c751e8b465ee728b)
Start importing Assets/PBS Materials Variety Pack/Shingles/Textures/Shingles 1.png using Guid(53b2b3dfb81881140a95ec8302bdb024) Importer(815301076,1909f56bfc062723c751e8b465ee728b) (PreviewImporter) -> (artifact id: '6c1f77eefc75b7a502c4e6f6b236ac1c') in 0.0312972 seconds
Number of updated asset objects reloaded before import = 0Number of asset objects unloaded after import = 2

========================================================================
Received Import Request.
  Time since last request: 0.873949 seconds.
  path: Assets/PBS Materials Variety Pack/Stone/Textures/Stone 3.png
  artifactKey: Guid(ba092f114b114e543b7aae29c411af7a) Importer(815301076,1909f56bfc062723c751e8b465ee728b)
Start importing Assets/PBS Materials Variety Pack/Stone/Textures/Stone 3.png using Guid(ba092f114b114e543b7aae29c411af7a) Importer(815301076,1909f56bfc062723c751e8b465ee728b) (PreviewImporter) -> (artifact id: '1620f83b6ba3c822c9fdd10d11f09bef') in 0.0294027 seconds
Number of updated asset objects reloaded before import = 0Number of asset objects unloaded after import = 2

========================================================================
Received Import Request.
  Time since last request: 0.000054 seconds.
  path: Assets/PBS Materials Variety Pack/Stone/Textures/Stone 3 Normals.png
  artifactKey: Guid(0196ea73d3eb39e4ab38009580e168af) Importer(815301076,1909f56bfc062723c751e8b465ee728b)
Start importing Assets/PBS Materials Variety Pack/Stone/Textures/Stone 3 Normals.png using Guid(0196ea73d3eb39e4ab38009580e168af) Importer(815301076,1909f56bfc062723c751e8b465ee728b) (PreviewImporter) -> (artifact id: 'c4a6e36a82731840b87bfc5ce2f33554') in 0.026507 seconds
Number of updated asset objects reloaded before import = 0Number of asset objects unloaded after import = 2

========================================================================
Received Import Request.
  Time since last request: 0.000070 seconds.
  path: Assets/PBS Materials Variety Pack/Stone/Textures/Stone 3 Normals2.png
  artifactKey: Guid(b7e4173bf2e1b8b458f7a85d080ae36e) Importer(815301076,1909f56bfc062723c751e8b465ee728b)
Start importing Assets/PBS Materials Variety Pack/Stone/Textures/Stone 3 Normals2.png using Guid(b7e4173bf2e1b8b458f7a85d080ae36e) Importer(815301076,1909f56bfc062723c751e8b465ee728b) (PreviewImporter) -> (artifact id: '57932a82f59126baf1d6852530b8be89') in 0.0455049 seconds
Number of updated asset objects reloaded before import = 0Number of asset objects unloaded after import = 2

========================================================================
Received Import Request.
  Time since last request: 0.000097 seconds.
  path: Assets/PBS Materials Variety Pack/Tiles/Textures/Tile 2 Displacement.png
  artifactKey: Guid(1e35beac0722cd14b9e0d29467aeb3b4) Importer(815301076,1909f56bfc062723c751e8b465ee728b)
Start importing Assets/PBS Materials Variety Pack/Tiles/Textures/Tile 2 Displacement.png using Guid(1e35beac0722cd14b9e0d29467aeb3b4) Importer(815301076,1909f56bfc062723c751e8b465ee728b) (PreviewImporter) -> (artifact id: '7ea5b9f96b86311f9670f77928544c89') in 0.0331207 seconds
Number of updated asset objects reloaded before import = 0Number of asset objects unloaded after import = 2

========================================================================
Received Import Request.
  Time since last request: 0.000069 seconds.
  path: Assets/PBS Materials Variety Pack/Tiles/Textures/Tile 2.png
  artifactKey: Guid(3c12f3c7edc31104aa5200173f8f1915) Importer(815301076,1909f56bfc062723c751e8b465ee728b)
Start importing Assets/PBS Materials Variety Pack/Tiles/Textures/Tile 2.png using Guid(3c12f3c7edc31104aa5200173f8f1915) Importer(815301076,1909f56bfc062723c751e8b465ee728b) (PreviewImporter) -> (artifact id: '14cf4b533dccbc5d02bce852db837cc8') in 0.0381844 seconds
Number of updated asset objects reloaded before import = 0Number of asset objects unloaded after import = 2

========================================================================
Received Import Request.
  Time since last request: 0.362804 seconds.
  path: Assets/PBS Materials Variety Pack/Tiles/Textures/Tile 2 Occlusion.png
  artifactKey: Guid(b8143f94eb59bc04c8137ace1f5e64dc) Importer(815301076,1909f56bfc062723c751e8b465ee728b)
Start importing Assets/PBS Materials Variety Pack/Tiles/Textures/Tile 2 Occlusion.png using Guid(b8143f94eb59bc04c8137ace1f5e64dc) Importer(815301076,1909f56bfc062723c751e8b465ee728b) (PreviewImporter) -> (artifact id: '39f4b2ccce33348042e36bc4672c8170') in 0.0403066 seconds
Number of updated asset objects reloaded before import = 0Number of asset objects unloaded after import = 2

========================================================================
Received Import Request.
  Time since last request: 0.000053 seconds.
  path: Assets/PBS Materials Variety Pack/zzz/urban_courtyard_4k.hdr
  artifactKey: Guid(1fdb895cc12f04c4fba509ea8d728831) Importer(815301076,1909f56bfc062723c751e8b465ee728b)
Start importing Assets/PBS Materials Variety Pack/zzz/urban_courtyard_4k.hdr using Guid(1fdb895cc12f04c4fba509ea8d728831) Importer(815301076,1909f56bfc062723c751e8b465ee728b) (PreviewImporter) -> (artifact id: '369c40db0ddca672afdefb6727a0a4c8') in 0.0213967 seconds
Number of updated asset objects reloaded before import = 0Number of asset objects unloaded after import = 2

========================================================================
Received Import Request.
  Time since last request: 0.000044 seconds.
  path: Assets/PBS Materials Variety Pack/Wooden Boards/Textures/Wooden Boards 1 Displacement.png
  artifactKey: Guid(d5516678591e66a49832c1664e789cd1) Importer(815301076,1909f56bfc062723c751e8b465ee728b)
Start importing Assets/PBS Materials Variety Pack/Wooden Boards/Textures/Wooden Boards 1 Displacement.png using Guid(d5516678591e66a49832c1664e789cd1) Importer(815301076,1909f56bfc062723c751e8b465ee728b) (PreviewImporter) -> (artifact id: 'ab959fe091b27c611a0ef7fe023c2eff') in 0.0265242 seconds
Number of updated asset objects reloaded before import = 0Number of asset objects unloaded after import = 2

========================================================================
Received Import Request.
  Time since last request: 0.000049 seconds.
  path: Assets/PBS Materials Variety Pack/Wooden Boards/Textures/Wooden Boards 1 Occlusion.png
  artifactKey: Guid(7aeea13d4822e434e98f710288260ca5) Importer(815301076,1909f56bfc062723c751e8b465ee728b)
Start importing Assets/PBS Materials Variety Pack/Wooden Boards/Textures/Wooden Boards 1 Occlusion.png using Guid(7aeea13d4822e434e98f710288260ca5) Importer(815301076,1909f56bfc062723c751e8b465ee728b) (PreviewImporter) -> (artifact id: '146048ca23457a2d35d2ae829f256353') in 0.0298179 seconds
Number of updated asset objects reloaded before import = 0Number of asset objects unloaded after import = 2

========================================================================
Received Import Request.
  Time since last request: 0.000062 seconds.
  path: Assets/PBS Materials Variety Pack/Wooden Boards/Textures/Wooden Boards 3 Normals.png
  artifactKey: Guid(034e24e2b23fa4948a9cb4eb2f956d20) Importer(815301076,1909f56bfc062723c751e8b465ee728b)
Start importing Assets/PBS Materials Variety Pack/Wooden Boards/Textures/Wooden Boards 3 Normals.png using Guid(034e24e2b23fa4948a9cb4eb2f956d20) Importer(815301076,1909f56bfc062723c751e8b465ee728b) (PreviewImporter) -> (artifact id: '51c7ff05d5aa7c4cf3caaae7b215b917') in 0.0345627 seconds
Number of updated asset objects reloaded before import = 0Number of asset objects unloaded after import = 2

========================================================================
Received Import Request.
  Time since last request: 0.000077 seconds.
  path: Assets/PBS Materials Variety Pack/Wooden Boards/Textures/Wooden Boards 3.png
  artifactKey: Guid(4faef43dbe8000c4eb1a7c458a305038) Importer(815301076,1909f56bfc062723c751e8b465ee728b)
Start importing Assets/PBS Materials Variety Pack/Wooden Boards/Textures/Wooden Boards 3.png using Guid(4faef43dbe8000c4eb1a7c458a305038) Importer(815301076,1909f56bfc062723c751e8b465ee728b) (PreviewImporter) -> (artifact id: '9298c6c11163ed58f50dcbbf8f86a547') in 0.0321059 seconds
Number of updated asset objects reloaded before import = 0Number of asset objects unloaded after import = 2

========================================================================
Received Prepare
Begin MonoManager ReloadAssembly
[Licensing::Client] Successfully resolved entitlement details
- Loaded All Assemblies, in  1.278 seconds
Refreshing native plugins compatible for Editor in 3.63 ms, found 3 plugins.
Native extension for WindowsStandalone target not found
[Package Manager] Failed to launch server process. Reason: Unity was launched with the -noUpm command-line argument
[Package Manager] Unable to send message (not connected to server process).
[Package Manager] Cannot connect to Unity Package Manager local server
ScheduleIndexationOnStartup MainProcess:False IndexOnStartup:True
Mono: successfully reloaded assembly
- Finished resetting the current domain, in  2.057 seconds
Domain Reload Profiling: 3330ms
	BeginReloadAssembly (418ms)
		ExecutionOrderSort (0ms)
		DisableScriptedObjects (38ms)
		BackupInstance (0ms)
		ReleaseScriptingObjects (0ms)
		CreateAndSetChildDomain (85ms)
	RebuildCommonClasses (52ms)
	RebuildNativeTypeToScriptingClass (21ms)
	initialDomainReloadingComplete (48ms)
	LoadAllAssembliesAndSetupDomain (733ms)
		LoadAssemblies (661ms)
		RebuildTransferFunctionScriptingTraits (0ms)
		AnalyzeDomain (287ms)
			TypeCache.Refresh (11ms)
				TypeCache.ScanAssembly (0ms)
			BuildScriptInfoCaches (251ms)
			ResolveRequiredComponents (17ms)
	FinalizeReload (2058ms)
		ReleaseScriptCaches (0ms)
		RebuildScriptCaches (0ms)
		SetupLoadedEditorAssemblies (1763ms)
			LogAssemblyErrors (0ms)
			InitializePlatformSupportModulesInManaged (2ms)
			SetLoadedEditorAssemblies (9ms)
			BeforeProcessingInitializeOnLoad (269ms)
			ProcessInitializeOnLoadAttributes (1255ms)
			ProcessInitializeOnLoadMethodAttributes (209ms)
			AfterProcessingInitializeOnLoad (18ms)
			EditorAssembliesLoaded (1ms)
		ExecutionOrderSort2 (0ms)
		AwakeInstancesAfterBackupRestoration (50ms)
Refreshing native plugins compatible for Editor in 11.09 ms, found 3 plugins.
Preloading 0 native plugins for Editor in 0.00 ms.
Unloading 16 Unused Serialized files (Serialized files now loaded: 0)
Unloading 6191 unused Assets / (3.3 MB). Loaded Objects now: 7083.
Memory consumption went from 155.1 MB to 151.7 MB.
Total: 23.475900 ms (FindLiveObjects: 1.076200 ms CreateObjectMapping: 2.902700 ms MarkObjects: 15.312100 ms  DeleteObjects: 4.181100 ms)

Prepare: number of updated asset objects reloaded= 0
========================================================================
Received Prepare
Begin MonoManager ReloadAssembly
[Licensing::Client] Successfully resolved entitlement details
- Loaded All Assemblies, in  1.283 seconds
Refreshing native plugins compatible for Editor in 4.94 ms, found 3 plugins.
Native extension for WindowsStandalone target not found
[Package Manager] Failed to launch server process. Reason: Unity was launched with the -noUpm command-line argument
[Package Manager] Unable to send message (not connected to server process).
[Package Manager] Cannot connect to Unity Package Manager local server
ScheduleIndexationOnStartup MainProcess:False IndexOnStartup:True
Mono: successfully reloaded assembly
- Finished resetting the current domain, in  2.082 seconds
Domain Reload Profiling: 3359ms
	BeginReloadAssembly (365ms)
		ExecutionOrderSort (0ms)
		DisableScriptedObjects (6ms)
		BackupInstance (0ms)
		ReleaseScriptingObjects (0ms)
		CreateAndSetChildDomain (61ms)
	RebuildCommonClasses (65ms)
	RebuildNativeTypeToScriptingClass (15ms)
	initialDomainReloadingComplete (65ms)
	LoadAllAssembliesAndSetupDomain (767ms)
		LoadAssemblies (691ms)
		RebuildTransferFunctionScriptingTraits (0ms)
		AnalyzeDomain (286ms)
			TypeCache.Refresh (15ms)
				TypeCache.ScanAssembly (0ms)
			BuildScriptInfoCaches (252ms)
			ResolveRequiredComponents (12ms)
	FinalizeReload (2083ms)
		ReleaseScriptCaches (0ms)
		RebuildScriptCaches (0ms)
		SetupLoadedEditorAssemblies (1797ms)
			LogAssemblyErrors (0ms)
			InitializePlatformSupportModulesInManaged (2ms)
			SetLoadedEditorAssemblies (6ms)
			BeforeProcessingInitializeOnLoad (245ms)
			ProcessInitializeOnLoadAttributes (1324ms)
			ProcessInitializeOnLoadMethodAttributes (198ms)
			AfterProcessingInitializeOnLoad (21ms)
			EditorAssembliesLoaded (1ms)
		ExecutionOrderSort2 (0ms)
		AwakeInstancesAfterBackupRestoration (46ms)
Refreshing native plugins compatible for Editor in 9.40 ms, found 3 plugins.
Preloading 0 native plugins for Editor in 0.00 ms.
Unloading 16 Unused Serialized files (Serialized files now loaded: 0)
Unloading 6191 unused Assets / (3.1 MB). Loaded Objects now: 7086.
Memory consumption went from 155.0 MB to 151.8 MB.
Total: 23.167600 ms (FindLiveObjects: 2.549900 ms CreateObjectMapping: 2.162500 ms MarkObjects: 15.103000 ms  DeleteObjects: 3.348600 ms)

Prepare: number of updated asset objects reloaded= 0
========================================================================
Received Prepare
Begin MonoManager ReloadAssembly
[Licensing::Client] Successfully resolved entitlement details
- Loaded All Assemblies, in  1.204 seconds
Refreshing native plugins compatible for Editor in 3.78 ms, found 3 plugins.
Native extension for WindowsStandalone target not found
[Package Manager] Failed to launch server process. Reason: Unity was launched with the -noUpm command-line argument
[Package Manager] Unable to send message (not connected to server process).
[Package Manager] Cannot connect to Unity Package Manager local server
ScheduleIndexationOnStartup MainProcess:False IndexOnStartup:True
Mono: successfully reloaded assembly
- Finished resetting the current domain, in  2.088 seconds
Domain Reload Profiling: 3292ms
	BeginReloadAssembly (362ms)
		ExecutionOrderSort (0ms)
		DisableScriptedObjects (6ms)
		BackupInstance (0ms)
		ReleaseScriptingObjects (0ms)
		CreateAndSetChildDomain (55ms)
	RebuildCommonClasses (44ms)
	RebuildNativeTypeToScriptingClass (14ms)
	initialDomainReloadingComplete (62ms)
	LoadAllAssembliesAndSetupDomain (721ms)
		LoadAssemblies (694ms)
		RebuildTransferFunctionScriptingTraits (0ms)
		AnalyzeDomain (250ms)
			TypeCache.Refresh (10ms)
				TypeCache.ScanAssembly (0ms)
			BuildScriptInfoCaches (221ms)
			ResolveRequiredComponents (13ms)
	FinalizeReload (2089ms)
		ReleaseScriptCaches (0ms)
		RebuildScriptCaches (0ms)
		SetupLoadedEditorAssemblies (1807ms)
			LogAssemblyErrors (0ms)
			InitializePlatformSupportModulesInManaged (3ms)
			SetLoadedEditorAssemblies (9ms)
			BeforeProcessingInitializeOnLoad (262ms)
			ProcessInitializeOnLoadAttributes (1318ms)
			ProcessInitializeOnLoadMethodAttributes (200ms)
			AfterProcessingInitializeOnLoad (15ms)
			EditorAssembliesLoaded (1ms)
		ExecutionOrderSort2 (0ms)
		AwakeInstancesAfterBackupRestoration (47ms)
Refreshing native plugins compatible for Editor in 12.35 ms, found 3 plugins.
Preloading 0 native plugins for Editor in 0.00 ms.
Unloading 16 Unused Serialized files (Serialized files now loaded: 0)
Unloading 6191 unused Assets / (3.3 MB). Loaded Objects now: 7089.
Memory consumption went from 155.0 MB to 151.7 MB.
Total: 21.039400 ms (FindLiveObjects: 1.253300 ms CreateObjectMapping: 1.060200 ms MarkObjects: 14.017200 ms  DeleteObjects: 4.704000 ms)

Prepare: number of updated asset objects reloaded= 0
========================================================================
Received Prepare
Begin MonoManager ReloadAssembly
- Loaded All Assemblies, in  1.286 seconds
Refreshing native plugins compatible for Editor in 9.84 ms, found 3 plugins.
Native extension for WindowsStandalone target not found
[Package Manager] Failed to launch server process. Reason: Unity was launched with the -noUpm command-line argument
[Package Manager] Unable to send message (not connected to server process).
[Package Manager] Cannot connect to Unity Package Manager local server
ScheduleIndexationOnStartup MainProcess:False IndexOnStartup:True
Mono: successfully reloaded assembly
- Finished resetting the current domain, in  2.876 seconds
Domain Reload Profiling: 4162ms
	BeginReloadAssembly (343ms)
		ExecutionOrderSort (0ms)
		DisableScriptedObjects (9ms)
		BackupInstance (0ms)
		ReleaseScriptingObjects (0ms)
		CreateAndSetChildDomain (60ms)
	RebuildCommonClasses (54ms)
	RebuildNativeTypeToScriptingClass (15ms)
	initialDomainReloadingComplete (55ms)
	LoadAllAssembliesAndSetupDomain (818ms)
		LoadAssemblies (727ms)
		RebuildTransferFunctionScriptingTraits (0ms)
		AnalyzeDomain (300ms)
			TypeCache.Refresh (8ms)
				TypeCache.ScanAssembly (0ms)
			BuildScriptInfoCaches (263ms)
			ResolveRequiredComponents (21ms)
	FinalizeReload (2877ms)
		ReleaseScriptCaches (0ms)
		RebuildScriptCaches (0ms)
		SetupLoadedEditorAssemblies (2336ms)
			LogAssemblyErrors (0ms)
			InitializePlatformSupportModulesInManaged (7ms)
			SetLoadedEditorAssemblies (20ms)
			BeforeProcessingInitializeOnLoad (526ms)
			ProcessInitializeOnLoadAttributes (1554ms)
			ProcessInitializeOnLoadMethodAttributes (212ms)
			AfterProcessingInitializeOnLoad (15ms)
			EditorAssembliesLoaded (1ms)
		ExecutionOrderSort2 (0ms)
		AwakeInstancesAfterBackupRestoration (45ms)
Refreshing native plugins compatible for Editor in 10.66 ms, found 3 plugins.
Preloading 0 native plugins for Editor in 0.00 ms.
Unloading 16 Unused Serialized files (Serialized files now loaded: 0)
Unloading 6191 unused Assets / (3.1 MB). Loaded Objects now: 7092.
Memory consumption went from 155.1 MB to 152.0 MB.
Total: 21.648500 ms (FindLiveObjects: 1.496300 ms CreateObjectMapping: 2.342500 ms MarkObjects: 14.515300 ms  DeleteObjects: 3.289900 ms)

Prepare: number of updated asset objects reloaded= 0
========================================================================
Received Prepare
Begin MonoManager ReloadAssembly
[Licensing::Client] Successfully resolved entitlement details
- Loaded All Assemblies, in  1.293 seconds
Refreshing native plugins compatible for Editor in 12.48 ms, found 3 plugins.
Native extension for WindowsStandalone target not found
[Package Manager] Failed to launch server process. Reason: Unity was launched with the -noUpm command-line argument
[Package Manager] Unable to send message (not connected to server process).
[Package Manager] Cannot connect to Unity Package Manager local server
ScheduleIndexationOnStartup MainProcess:False IndexOnStartup:True
Mono: successfully reloaded assembly
- Finished resetting the current domain, in  2.839 seconds
Domain Reload Profiling: 4133ms
	BeginReloadAssembly (384ms)
		ExecutionOrderSort (0ms)
		DisableScriptedObjects (6ms)
		BackupInstance (0ms)
		ReleaseScriptingObjects (0ms)
		CreateAndSetChildDomain (58ms)
	RebuildCommonClasses (59ms)
	RebuildNativeTypeToScriptingClass (15ms)
	initialDomainReloadingComplete (54ms)
	LoadAllAssembliesAndSetupDomain (780ms)
		LoadAssemblies (727ms)
		RebuildTransferFunctionScriptingTraits (0ms)
		AnalyzeDomain (287ms)
			TypeCache.Refresh (7ms)
				TypeCache.ScanAssembly (0ms)
			BuildScriptInfoCaches (263ms)
			ResolveRequiredComponents (11ms)
	FinalizeReload (2840ms)
		ReleaseScriptCaches (0ms)
		RebuildScriptCaches (0ms)
		SetupLoadedEditorAssemblies (2359ms)
			LogAssemblyErrors (0ms)
			InitializePlatformSupportModulesInManaged (4ms)
			SetLoadedEditorAssemblies (20ms)
			BeforeProcessingInitializeOnLoad (508ms)
			ProcessInitializeOnLoadAttributes (1585ms)
			ProcessInitializeOnLoadMethodAttributes (215ms)
			AfterProcessingInitializeOnLoad (27ms)
			EditorAssembliesLoaded (2ms)
		ExecutionOrderSort2 (0ms)
		AwakeInstancesAfterBackupRestoration (46ms)
Refreshing native plugins compatible for Editor in 11.55 ms, found 3 plugins.
Preloading 0 native plugins for Editor in 0.00 ms.
Unloading 16 Unused Serialized files (Serialized files now loaded: 0)
Unloading 6191 unused Assets / (3.6 MB). Loaded Objects now: 7095.
Memory consumption went from 155.2 MB to 151.6 MB.
Total: 26.204200 ms (FindLiveObjects: 1.356000 ms CreateObjectMapping: 2.406700 ms MarkObjects: 17.814600 ms  DeleteObjects: 4.621800 ms)

Prepare: number of updated asset objects reloaded= 0
========================================================================
Received Prepare
Begin MonoManager ReloadAssembly
[Licensing::Client] Successfully resolved entitlement details
- Loaded All Assemblies, in  1.195 seconds
Refreshing native plugins compatible for Editor in 4.51 ms, found 3 plugins.
Native extension for WindowsStandalone target not found
[Package Manager] Failed to launch server process. Reason: Unity was launched with the -noUpm command-line argument
[Package Manager] Unable to send message (not connected to server process).
[Package Manager] Cannot connect to Unity Package Manager local server
ScheduleIndexationOnStartup MainProcess:False IndexOnStartup:True
Mono: successfully reloaded assembly
- Finished resetting the current domain, in  2.206 seconds
Domain Reload Profiling: 3402ms
	BeginReloadAssembly (366ms)
		ExecutionOrderSort (0ms)
		DisableScriptedObjects (6ms)
		BackupInstance (0ms)
		ReleaseScriptingObjects (0ms)
		CreateAndSetChildDomain (65ms)
	RebuildCommonClasses (74ms)
	RebuildNativeTypeToScriptingClass (19ms)
	initialDomainReloadingComplete (41ms)
	LoadAllAssembliesAndSetupDomain (695ms)
		LoadAssemblies (658ms)
		RebuildTransferFunctionScriptingTraits (0ms)
		AnalyzeDomain (261ms)
			TypeCache.Refresh (8ms)
				TypeCache.ScanAssembly (0ms)
			BuildScriptInfoCaches (235ms)
			ResolveRequiredComponents (13ms)
	FinalizeReload (2208ms)
		ReleaseScriptCaches (0ms)
		RebuildScriptCaches (0ms)
		SetupLoadedEditorAssemblies (1883ms)
			LogAssemblyErrors (0ms)
			InitializePlatformSupportModulesInManaged (2ms)
			SetLoadedEditorAssemblies (6ms)
			BeforeProcessingInitializeOnLoad (257ms)
			ProcessInitializeOnLoadAttributes (1366ms)
			ProcessInitializeOnLoadMethodAttributes (228ms)
			AfterProcessingInitializeOnLoad (22ms)
			EditorAssembliesLoaded (1ms)
		ExecutionOrderSort2 (0ms)
		AwakeInstancesAfterBackupRestoration (61ms)
Refreshing native plugins compatible for Editor in 8.90 ms, found 3 plugins.
Preloading 0 native plugins for Editor in 0.00 ms.
Unloading 16 Unused Serialized files (Serialized files now loaded: 0)
Unloading 6191 unused Assets / (3.8 MB). Loaded Objects now: 7098.
Memory consumption went from 155.2 MB to 151.4 MB.
Total: 26.929800 ms (FindLiveObjects: 3.336200 ms CreateObjectMapping: 1.374300 ms MarkObjects: 15.042200 ms  DeleteObjects: 7.170000 ms)

Prepare: number of updated asset objects reloaded= 0
