[Licensing::Module] Trying to connect to existing licensing client channel...
Built from '6000.3/staging' branch; Version is '6000.3.8f1 (1c7db571dde0) revision 1867189'; Using compiler version '194234433'; Build Type 'Release'
[Licensing::IpcConnector] Successfully connected to: "LicenseClient-paulo" at "2026-05-12T15:23:09.1636Z"
OS: 'Windows 11  (10.0.26200) Core' Language: 'pt' Physical Memory: 32151 MB
BatchMode: 1, IsHumanControllingUs: 0, StartBugReporterOnCrash: 0, Is64bit: 1
System  architecture: x64
Process architecture: x64
Date: 2026-05-12T15:23:09Z

COMMAND LINE ARGUMENTS:
C:\Users\paulo\OneDrive\Ambiente de Trabalho\6000.3.8f1\Editor\Unity.exe
-adb2
-batchMode
-noUpm
-name
AssetImportWorker2
-projectPath
C:/Users/paulo/IPCA_DJA_G6/Pac-Mon
-logFile
Logs/AssetImportWorker2.log
-srvPort
57628
-licensingIpc
LicenseClient-paulo
-job-worker-count
10
-background-job-worker-count
8
-gc-helper-count
1
-name
AssetImport
Successfully changed project path to: C:/Users/paulo/IPCA_DJA_G6/Pac-Mon
C:/Users/paulo/IPCA_DJA_G6/Pac-Mon
[UnityMemory] Configuration Parameters - Can be set up in boot.config
    "memorysetup-temp-allocator-size-nav-mesh-worker=65536"
    "memorysetup-temp-allocator-size-audio-worker=65536"
    "memorysetup-temp-allocator-size-gfx=262144"
    "memorysetup-allocator-temp-initial-block-size-main=262144"
    "memorysetup-allocator-temp-initial-block-size-worker=262144"
    "memorysetup-temp-allocator-size-background-worker=32768"
    "memorysetup-temp-allocator-size-job-worker=262144"
    "memorysetup-temp-allocator-size-preload-manager=33554432"
    "memorysetup-temp-allocator-size-gi-baking-worker=262144"
    "memorysetup-temp-allocator-size-gi-baking-worker=262144"
    "memorysetup-temp-allocator-size-gi-baking-worker=262144"
    "memorysetup-temp-allocator-size-gi-baking-worker=262144"
    "memorysetup-temp-allocator-size-gi-baking-worker=262144"
    "memorysetup-bucket-allocator-granularity=16"
    "memorysetup-bucket-allocator-bucket-count=8"
    "memorysetup-bucket-allocator-block-size=33554432"
    "memorysetup-bucket-allocator-block-count=8"
    "memorysetup-main-allocator-block-size=16777216"
    "memorysetup-thread-allocator-block-size=16777216"
    "memorysetup-gfx-main-allocator-block-size=16777216"
    "memorysetup-gfx-thread-allocator-block-size=16777216"
    "memorysetup-cache-allocator-block-size=4194304"
    "memorysetup-typetree-allocator-block-size=2097152"
    "memorysetup-profiler-bucket-allocator-granularity=16"
    "memorysetup-profiler-bucket-allocator-bucket-count=8"
    "memorysetup-profiler-bucket-allocator-block-size=33554432"
    "memorysetup-profiler-bucket-allocator-block-count=8"
    "memorysetup-profiler-allocator-block-size=16777216"
    "memorysetup-profiler-editor-allocator-block-size=1048576"
    "memorysetup-temp-allocator-size-main=16777216"
    "memorysetup-job-temp-allocator-block-size=2097152"
    "memorysetup-job-temp-allocator-block-size-background=1048576"
    "memorysetup-job-temp-allocator-reduction-small-platforms=262144"
    "memorysetup-temp-allocator-size-cloud-worker=32768"
Player connection [25100]  Target information:

Player connection [25100]  * "[IP] 172.16.11.25 [Port] 0 [Flags] 2 [Guid] 2682971470 [EditorId] 2682971470 [Version] 1048832 [Id] WindowsEditor(7,PauloPinto1309) [Debug] 1 [PackageName] WindowsEditor [ProjectName] Editor" 

Player connection [25100] Host joined multi-casting on [225.0.0.222:54997]...
Player connection [25100] Host joined alternative multi-casting on [225.0.0.222:34997]...
JobSystem: Creating JobQueue using job-worker-count value 10
Input System module state changed to: Initialized.
[Physics::Module] Initialized fallback backend.
[Physics::Module] Id: 0xdecafbad
Library Redirect Path: Library/
[Physics::Module] Selected backend.
[Physics::Module] Name: PhysX
[Physics::Module] Id: 0xf2b8ea05
[Physics::Module] SDK Version: 4.1.2
[Physics::Module] Integration Version: 1.0.0
[Physics::Module] Threading Mode: Multi-Threaded
Refreshing native plugins compatible for Editor in 5.59 ms, found 3 plugins.
Preloading 0 native plugins for Editor in 0.00 ms.
Initialize engine version: 6000.3.8f1 (1c7db571dde0)
[Subsystems] Discovering subsystems at path C:/Users/paulo/OneDrive/Ambiente de Trabalho/6000.3.8f1/Editor/Data/Resources/UnitySubsystems
[Subsystems] Discovering subsystems at path C:/Users/paulo/IPCA_DJA_G6/Pac-Mon/Assets
GfxDevice: creating device client; kGfxThreadingModeNonThreaded
Direct3D:
    Version:  Direct3D 11.0 [level 11.1]
    Renderer: Intel(R) Arc(TM) Graphics (ID=0x7d55)
    Vendor:   Intel
    VRAM:     18326 MB
    Driver:   32.0.101.6556
Initialize mono
Mono path[0] = 'C:/Users/paulo/OneDrive/Ambiente de Trabalho/6000.3.8f1/Editor/Data/Managed'
Mono path[1] = 'C:/Users/paulo/OneDrive/Ambiente de Trabalho/6000.3.8f1/Editor/Data/MonoBleedingEdge/lib/mono/unityjit-win32'
Mono config path = 'C:/Users/paulo/OneDrive/Ambiente de Trabalho/6000.3.8f1/Editor/Data/MonoBleedingEdge/etc'
Using monoOptions --debugger-agent=transport=dt_socket,embedding=1,server=y,suspend=n,address=127.0.0.1:56580
Begin MonoManager ReloadAssembly
Registering precompiled unity dll's ...
Register platform support module: C:/Users/paulo/OneDrive/Ambiente de Trabalho/6000.3.8f1/Editor/Data/PlaybackEngines/WebGLSupport/UnityEditor.WebGL.Extensions.dll
Register platform support module: C:/Users/paulo/OneDrive/Ambiente de Trabalho/6000.3.8f1/Editor/Data/PlaybackEngines/WindowsStandaloneSupport/UnityEditor.WindowsStandalone.Extensions.dll
Registered in 0.005710 seconds.
[Licensing::Client] Handshaking with LicensingClient:
  Version:                 1.17.4+4293ba1
  Session Id:              48dc168e4114493788b91309132db64d
  Correlation Id:          f92382c3f202f88c289f740fa2b7347b
  External correlation Id: 4952038997999519253
  Machine Id:              XLJuiCWV3CphuDF/IFTtIDuUTH8=
[Licensing::Module] Successfully connected to LicensingClient on channel: "LicenseClient-paulo" (connect: 0.00s, validation: 0.03s, handshake: 1.63s)
[Licensing::IpcConnector] Successfully connected to: "LicenseClient-paulo-notifications" at "2026-05-12T15:23:10.8228094Z"
[Licensing::Module] Licensing Background thread has ended after 1.66s
- Loaded All Assemblies, in  0.831 seconds
Native extension for WindowsStandalone target not found
Native extension for WebGL target not found
ScheduleIndexationOnStartup MainProcess:False IndexOnStartup:True
Mono: successfully reloaded assembly
- Finished resetting the current domain, in  0.874 seconds
Domain Reload Profiling: 1695ms
	BeginReloadAssembly (256ms)
		ExecutionOrderSort (0ms)
		DisableScriptedObjects (0ms)
		BackupInstance (0ms)
		ReleaseScriptingObjects (0ms)
		CreateAndSetChildDomain (1ms)
	RebuildCommonClasses (60ms)
	RebuildNativeTypeToScriptingClass (20ms)
	initialDomainReloadingComplete (100ms)
	LoadAllAssembliesAndSetupDomain (384ms)
		LoadAssemblies (244ms)
		RebuildTransferFunctionScriptingTraits (0ms)
		AnalyzeDomain (378ms)
			TypeCache.Refresh (375ms)
				TypeCache.ScanAssembly (343ms)
			BuildScriptInfoCaches (0ms)
			ResolveRequiredComponents (1ms)
	FinalizeReload (875ms)
		ReleaseScriptCaches (0ms)
		RebuildScriptCaches (0ms)
		SetupLoadedEditorAssemblies (800ms)
			LogAssemblyErrors (0ms)
			InitializePlatformSupportModulesInManaged (122ms)
			SetLoadedEditorAssemblies (10ms)
			BeforeProcessingInitializeOnLoad (183ms)
			ProcessInitializeOnLoadAttributes (320ms)
			ProcessInitializeOnLoadMethodAttributes (165ms)
			AfterProcessingInitializeOnLoad (0ms)
			EditorAssembliesLoaded (0ms)
		ExecutionOrderSort2 (0ms)
		AwakeInstancesAfterBackupRestoration (0ms)
========================================================================
Worker process is ready to serve import requests
Import Worker Mode flag is 0x00
Begin MonoManager ReloadAssembly
[Licensing::Client] Successfully resolved entitlement details
[Licensing::Module] License group:
  Id: 6872808240094-UnityPersXXXX
  Product: Unity Personal
  Type: Assigned
  Expiration: Unlimited
- Loaded All Assemblies, in  1.791 seconds
Refreshing native plugins compatible for Editor in 1.51 ms, found 3 plugins.
Native extension for WindowsStandalone target not found
Native extension for WebGL target not found
Package Manager log level set to [2]
[Package Manager] Failed to launch server process. Reason: Unity was launched with the -noUpm command-line argument
[Package Manager] Unable to send message (not connected to server process).
[Package Manager] Cannot connect to Unity Package Manager local server
ScheduleIndexationOnStartup MainProcess:False IndexOnStartup:True
Mono: successfully reloaded assembly
- Finished resetting the current domain, in  1.447 seconds
Domain Reload Profiling: 3220ms
	BeginReloadAssembly (466ms)
		ExecutionOrderSort (0ms)
		DisableScriptedObjects (10ms)
		BackupInstance (0ms)
		ReleaseScriptingObjects (0ms)
		CreateAndSetChildDomain (121ms)
	RebuildCommonClasses (82ms)
	RebuildNativeTypeToScriptingClass (24ms)
	initialDomainReloadingComplete (96ms)
	LoadAllAssembliesAndSetupDomain (1104ms)
		LoadAssemblies (912ms)
		RebuildTransferFunctionScriptingTraits (0ms)
		AnalyzeDomain (435ms)
			TypeCache.Refresh (314ms)
				TypeCache.ScanAssembly (290ms)
			BuildScriptInfoCaches (97ms)
			ResolveRequiredComponents (17ms)
	FinalizeReload (1448ms)
		ReleaseScriptCaches (0ms)
		RebuildScriptCaches (0ms)
		SetupLoadedEditorAssemblies (1050ms)
			LogAssemblyErrors (0ms)
			InitializePlatformSupportModulesInManaged (4ms)
			SetLoadedEditorAssemblies (9ms)
			BeforeProcessingInitializeOnLoad (256ms)
			ProcessInitializeOnLoadAttributes (645ms)
			ProcessInitializeOnLoadMethodAttributes (119ms)
			AfterProcessingInitializeOnLoad (17ms)
			EditorAssembliesLoaded (0ms)
		ExecutionOrderSort2 (0ms)
		AwakeInstancesAfterBackupRestoration (13ms)
Launched and connected shader compiler UnityShaderCompiler.exe after 0.03 seconds
Refreshing native plugins compatible for Editor in 2.58 ms, found 3 plugins.
Preloading 0 native plugins for Editor in 0.00 ms.
Unloading 16 Unused Serialized files (Serialized files now loaded: 0)
Unloading 6193 unused Assets / (4.6 MB). Loaded Objects now: 7003.
Memory consumption went from 150.3 MB to 145.7 MB.
Total: 20.283900 ms (FindLiveObjects: 1.368400 ms CreateObjectMapping: 1.385000 ms MarkObjects: 12.576600 ms  DeleteObjects: 4.951900 ms)

========================================================================
Received Import Request.
  Time since last request: 104740.311495 seconds.
  path: Assets/PBS Materials Variety Pack/Metal/Textures/Metal 17 Displacement.png
  artifactKey: Guid(3e0ee07e6a502e04292354bf404287d6) Importer(2089858483,b0f066a214c2f5e87bad3c948f4d605d)
Start importing Assets/PBS Materials Variety Pack/Metal/Textures/Metal 17 Displacement.png using Guid(3e0ee07e6a502e04292354bf404287d6) Importer(2089858483,b0f066a214c2f5e87bad3c948f4d605d) (ScriptedImporter) -> (artifact id: 'e395dc7bd6937a4299911a5d6c138859') in 0.2690377 seconds
Number of updated asset objects reloaded before import = 0Number of asset objects unloaded after import = 1

========================================================================
Received Import Request.
  Time since last request: 0.000047 seconds.
  path: Assets/PBS Materials Variety Pack/Concrete/Textures/Concrete 1 bump.png
  artifactKey: Guid(298687c477841c144b272ef75e821e48) Importer(2089858483,b0f066a214c2f5e87bad3c948f4d605d)
Start importing Assets/PBS Materials Variety Pack/Concrete/Textures/Concrete 1 bump.png using Guid(298687c477841c144b272ef75e821e48) Importer(2089858483,b0f066a214c2f5e87bad3c948f4d605d) (ScriptedImporter) -> (artifact id: 'fca9a129ae433380a9280eba225ea0f2') in 0.0353865 seconds
Number of updated asset objects reloaded before import = 0Number of asset objects unloaded after import = 1

========================================================================
Received Import Request.
  Time since last request: 0.000053 seconds.
  path: Assets/PBS Materials Variety Pack/Hex Lattice/hexagonal lattice_Textures/08/lattice_08_metallic.tif
  artifactKey: Guid(da52cf424e4e84608a28dc5092efa703) Importer(2089858483,b0f066a214c2f5e87bad3c948f4d605d)
Start importing Assets/PBS Materials Variety Pack/Hex Lattice/hexagonal lattice_Textures/08/lattice_08_metallic.tif using Guid(da52cf424e4e84608a28dc5092efa703) Importer(2089858483,b0f066a214c2f5e87bad3c948f4d605d) (ScriptedImporter) -> (artifact id: '1db7648b80b260bf8efa5efcfa521b17') in 0.0398983 seconds
Number of updated asset objects reloaded before import = 0Number of asset objects unloaded after import = 1

========================================================================
Received Import Request.
  Time since last request: 0.000031 seconds.
  path: Assets/PBS Materials Variety Pack/Grass/Textures/Grass 3.png
  artifactKey: Guid(2e0337bb7ad996e4db2d92f149dddee3) Importer(2089858483,b0f066a214c2f5e87bad3c948f4d605d)
Start importing Assets/PBS Materials Variety Pack/Grass/Textures/Grass 3.png using Guid(2e0337bb7ad996e4db2d92f149dddee3) Importer(2089858483,b0f066a214c2f5e87bad3c948f4d605d) (ScriptedImporter) -> (artifact id: '62f8ae3a1e9e22c6e149cfbb394a00e5') in 0.0271191 seconds
Number of updated asset objects reloaded before import = 0Number of asset objects unloaded after import = 1

========================================================================
Received Import Request.
  Time since last request: 0.000059 seconds.
  path: Assets/PBS Materials Variety Pack/Hex Lattice/hexagonal lattice_Textures/14/lattice_14_normal_open_gl.tif
  artifactKey: Guid(6ed667be674764cc497cf2cd22a9c491) Importer(2089858483,b0f066a214c2f5e87bad3c948f4d605d)
Start importing Assets/PBS Materials Variety Pack/Hex Lattice/hexagonal lattice_Textures/14/lattice_14_normal_open_gl.tif using Guid(6ed667be674764cc497cf2cd22a9c491) Importer(2089858483,b0f066a214c2f5e87bad3c948f4d605d) (ScriptedImporter) -> (artifact id: '3159b78515c5df9a920de78d3e4dc115') in 0.0416786 seconds
Number of updated asset objects reloaded before import = 0Number of asset objects unloaded after import = 1

========================================================================
Received Import Request.
  Time since last request: 0.000044 seconds.
  path: Assets/PBS Materials Variety Pack/Dirt/Textures/Dirt 5.png
  artifactKey: Guid(59463a6d71d510d41a51662b25f19821) Importer(2089858483,b0f066a214c2f5e87bad3c948f4d605d)
Start importing Assets/PBS Materials Variety Pack/Dirt/Textures/Dirt 5.png using Guid(59463a6d71d510d41a51662b25f19821) Importer(2089858483,b0f066a214c2f5e87bad3c948f4d605d) (ScriptedImporter) -> (artifact id: '8b521377a71a84b4d9157ff0fac0f790') in 0.0271643 seconds
Number of updated asset objects reloaded before import = 0Number of asset objects unloaded after import = 1

========================================================================
Received Import Request.
  Time since last request: 0.000035 seconds.
  path: Assets/PBS Materials Variety Pack/Grass/Textures/Grass 2.png
  artifactKey: Guid(d6d77018ee74c1141b9fa95d54c892bc) Importer(2089858483,b0f066a214c2f5e87bad3c948f4d605d)
Start importing Assets/PBS Materials Variety Pack/Grass/Textures/Grass 2.png using Guid(d6d77018ee74c1141b9fa95d54c892bc) Importer(2089858483,b0f066a214c2f5e87bad3c948f4d605d) (ScriptedImporter) -> (artifact id: '00c959647ddb4a25cecf6fd4f749a739') in 0.025314 seconds
Number of updated asset objects reloaded before import = 0Number of asset objects unloaded after import = 1

========================================================================
Received Import Request.
  Time since last request: 0.000026 seconds.
  path: Assets/PBS Materials Variety Pack/Wooden Boards/Textures/Wooden Boards 3 Occlusion.png
  artifactKey: Guid(8aadbf3a0683253498c032a7e977a146) Importer(2089858483,b0f066a214c2f5e87bad3c948f4d605d)
Start importing Assets/PBS Materials Variety Pack/Wooden Boards/Textures/Wooden Boards 3 Occlusion.png using Guid(8aadbf3a0683253498c032a7e977a146) Importer(2089858483,b0f066a214c2f5e87bad3c948f4d605d) (ScriptedImporter) -> (artifact id: 'bc4570aac1c31338417b40990384c0c7') in 0.0246576 seconds
Number of updated asset objects reloaded before import = 0Number of asset objects unloaded after import = 1

========================================================================
Received Import Request.
  Time since last request: 0.000032 seconds.
  path: Assets/PBS Materials Variety Pack/zzz/SunPointOff.anim
  artifactKey: Guid(6497e3b2768dc5b4a9e34011e61e6ddc) Importer(2089858483,b0f066a214c2f5e87bad3c948f4d605d)
Start importing Assets/PBS Materials Variety Pack/zzz/SunPointOff.anim using Guid(6497e3b2768dc5b4a9e34011e61e6ddc) Importer(2089858483,b0f066a214c2f5e87bad3c948f4d605d) (ScriptedImporter) -> (artifact id: 'a5b3640768d851c03c949ec7569fd4ef') in 0.0335062 seconds
Number of updated asset objects reloaded before import = 0Number of asset objects unloaded after import = 1

========================================================================
Received Import Request.
  Time since last request: 0.000039 seconds.
  path: Assets/PBS Materials Variety Pack/Glass/Textures
  artifactKey: Guid(512ea9265c4218b4c8e485b6fd5b33bb) Importer(2089858483,b0f066a214c2f5e87bad3c948f4d605d)
Start importing Assets/PBS Materials Variety Pack/Glass/Textures using Guid(512ea9265c4218b4c8e485b6fd5b33bb) Importer(2089858483,b0f066a214c2f5e87bad3c948f4d605d) (ScriptedImporter) -> (artifact id: '28097609645b86cb875544c60e45d6fd') in 0.0234343 seconds
Number of updated asset objects reloaded before import = 0Number of asset objects unloaded after import = 1

========================================================================
Received Import Request.
  Time since last request: 0.000021 seconds.
  path: Assets/PBS Materials Variety Pack/Dirt/Textures/Dirt 3.png
  artifactKey: Guid(9b9a4368feca8fa449515ae09c9d73e2) Importer(2089858483,b0f066a214c2f5e87bad3c948f4d605d)
Start importing Assets/PBS Materials Variety Pack/Dirt/Textures/Dirt 3.png using Guid(9b9a4368feca8fa449515ae09c9d73e2) Importer(2089858483,b0f066a214c2f5e87bad3c948f4d605d) (ScriptedImporter) -> (artifact id: '881a52866b8573345dc7b3950f21e9d2') in 0.0272205 seconds
Number of updated asset objects reloaded before import = 0Number of asset objects unloaded after import = 1

========================================================================
Received Import Request.
  Time since last request: 0.000034 seconds.
  path: Assets/PBS Materials Variety Pack/zzz/skybox.mat
  artifactKey: Guid(e1c73270349e64a1a8563b6a60d21a89) Importer(2089858483,b0f066a214c2f5e87bad3c948f4d605d)
Start importing Assets/PBS Materials Variety Pack/zzz/skybox.mat using Guid(e1c73270349e64a1a8563b6a60d21a89) Importer(2089858483,b0f066a214c2f5e87bad3c948f4d605d) (ScriptedImporter) -> (artifact id: '4ecb04c79c54ba565d6fd38c9729a81a') in 0.0484002 seconds
Number of updated asset objects reloaded before import = 0Number of asset objects unloaded after import = 2

========================================================================
Received Import Request.
  Time since last request: 0.000050 seconds.
  path: Assets/PBS Materials Variety Pack/zzz/SunPointOn.anim
  artifactKey: Guid(bd775e868876b1047bd3067d2d2fe23f) Importer(2089858483,b0f066a214c2f5e87bad3c948f4d605d)
Start importing Assets/PBS Materials Variety Pack/zzz/SunPointOn.anim using Guid(bd775e868876b1047bd3067d2d2fe23f) Importer(2089858483,b0f066a214c2f5e87bad3c948f4d605d) (ScriptedImporter) -> (artifact id: 'e034217a44c79f63ea4c87a64888e8b9') in 0.021749 seconds
Number of updated asset objects reloaded before import = 0Number of asset objects unloaded after import = 1

========================================================================
Received Import Request.
  Time since last request: 0.000045 seconds.
  path: Assets/PBS Materials Variety Pack/Fabric/Textures/Fabric 1 Normals.png
  artifactKey: Guid(8a5c5d7dba592904fb4c495b2ebe603b) Importer(2089858483,b0f066a214c2f5e87bad3c948f4d605d)
Start importing Assets/PBS Materials Variety Pack/Fabric/Textures/Fabric 1 Normals.png using Guid(8a5c5d7dba592904fb4c495b2ebe603b) Importer(2089858483,b0f066a214c2f5e87bad3c948f4d605d) (ScriptedImporter) -> (artifact id: 'a25a58a26f0ab07f91f538f9acedaf83') in 0.0378495 seconds
Number of updated asset objects reloaded before import = 0Number of asset objects unloaded after import = 1

========================================================================
Received Import Request.
  Time since last request: 0.000031 seconds.
  path: Assets/PBS Materials Variety Pack/zzz/MaterialRandomizerScript.cs
  artifactKey: Guid(9078acf195d5542a2944ccac2a8e93b9) Importer(2089858483,b0f066a214c2f5e87bad3c948f4d605d)
Start importing Assets/PBS Materials Variety Pack/zzz/MaterialRandomizerScript.cs using Guid(9078acf195d5542a2944ccac2a8e93b9) Importer(2089858483,b0f066a214c2f5e87bad3c948f4d605d) (ScriptedImporter) -> (artifact id: '08c337aba00ed3be245ae6a5aed3fe15') in 0.025728 seconds
Number of updated asset objects reloaded before import = 0Number of asset objects unloaded after import = 0

========================================================================
Received Import Request.
  Time since last request: 0.000030 seconds.
  path: Assets/PBS Materials Variety Pack
  artifactKey: Guid(7584f3946c6454499b4536ad7e83e0ee) Importer(2089858483,b0f066a214c2f5e87bad3c948f4d605d)
Start importing Assets/PBS Materials Variety Pack using Guid(7584f3946c6454499b4536ad7e83e0ee) Importer(2089858483,b0f066a214c2f5e87bad3c948f4d605d) (ScriptedImporter) -> (artifact id: 'ed8d4fa149264acd2f2aa1ac7cc7f378') in 0.0217382 seconds
Number of updated asset objects reloaded before import = 0Number of asset objects unloaded after import = 1

========================================================================
Received Import Request.
  Time since last request: 0.000050 seconds.
  path: Assets/PBS Materials Variety Pack/Food/Textures/Food 1.png
  artifactKey: Guid(aa4808bcebafd2840851e5fd13e683e4) Importer(2089858483,b0f066a214c2f5e87bad3c948f4d605d)
Start importing Assets/PBS Materials Variety Pack/Food/Textures/Food 1.png using Guid(aa4808bcebafd2840851e5fd13e683e4) Importer(2089858483,b0f066a214c2f5e87bad3c948f4d605d) (ScriptedImporter) -> (artifact id: 'b554ce50804d81b909b4a0273b16303e') in 0.0301435 seconds
Number of updated asset objects reloaded before import = 0Number of asset objects unloaded after import = 1

========================================================================
Received Import Request.
  Time since last request: 0.000031 seconds.
  path: Assets/PBS Materials Variety Pack/Paint
  artifactKey: Guid(e7e2db6f49b53ee47b9ea5037ae28429) Importer(2089858483,b0f066a214c2f5e87bad3c948f4d605d)
Start importing Assets/PBS Materials Variety Pack/Paint using Guid(e7e2db6f49b53ee47b9ea5037ae28429) Importer(2089858483,b0f066a214c2f5e87bad3c948f4d605d) (ScriptedImporter) -> (artifact id: '927bd6581c2da717e8b21458cf5797b5') in 0.0236388 seconds
Number of updated asset objects reloaded before import = 0Number of asset objects unloaded after import = 1

========================================================================
Received Import Request.
  Time since last request: 0.000025 seconds.
  path: Assets/PBS Materials Variety Pack/Rocks/Rocks 1.mat
  artifactKey: Guid(46f09d1ee0756704980ca0b4dfecb35b) Importer(2089858483,b0f066a214c2f5e87bad3c948f4d605d)
Start importing Assets/PBS Materials Variety Pack/Rocks/Rocks 1.mat using Guid(46f09d1ee0756704980ca0b4dfecb35b) Importer(2089858483,b0f066a214c2f5e87bad3c948f4d605d) (ScriptedImporter) -> (artifact id: 'afa724f347b303d1739413d71f51f619') in 0.0742808 seconds
Number of updated asset objects reloaded before import = 0Number of asset objects unloaded after import = 5

========================================================================
Received Import Request.
  Time since last request: 0.000039 seconds.
  path: Assets/PBS Materials Variety Pack/Hex Lattice/hexagonal lattice_Textures/16/hexagonal_lattice_height.tif
  artifactKey: Guid(6116cfbc49ccf4333b437b69449e47e9) Importer(2089858483,b0f066a214c2f5e87bad3c948f4d605d)
Start importing Assets/PBS Materials Variety Pack/Hex Lattice/hexagonal lattice_Textures/16/hexagonal_lattice_height.tif using Guid(6116cfbc49ccf4333b437b69449e47e9) Importer(2089858483,b0f066a214c2f5e87bad3c948f4d605d) (ScriptedImporter) -> (artifact id: 'af9427d47572db66ae608eaff8cda4c0') in 0.0290429 seconds
Number of updated asset objects reloaded before import = 0Number of asset objects unloaded after import = 1

========================================================================
Received Import Request.
  Time since last request: 0.000046 seconds.
  path: Assets/PBS Materials Variety Pack/Brick/Textures/Brick10.png
  artifactKey: Guid(219df7742933e1242be51f71b26ba221) Importer(2089858483,b0f066a214c2f5e87bad3c948f4d605d)
Start importing Assets/PBS Materials Variety Pack/Brick/Textures/Brick10.png using Guid(219df7742933e1242be51f71b26ba221) Importer(2089858483,b0f066a214c2f5e87bad3c948f4d605d) (ScriptedImporter) -> (artifact id: '3292f09d29c40611f85e4acd078ce4b8') in 0.0281356 seconds
Number of updated asset objects reloaded before import = 0Number of asset objects unloaded after import = 1

========================================================================
Received Import Request.
  Time since last request: 0.000027 seconds.
  path: Assets/PBS Materials Variety Pack/Metal/Textures/Metal 17.png
  artifactKey: Guid(9a4d9911b1098004eb7fa0ab8eb5b408) Importer(2089858483,b0f066a214c2f5e87bad3c948f4d605d)
Start importing Assets/PBS Materials Variety Pack/Metal/Textures/Metal 17.png using Guid(9a4d9911b1098004eb7fa0ab8eb5b408) Importer(2089858483,b0f066a214c2f5e87bad3c948f4d605d) (ScriptedImporter) -> (artifact id: '507e5da68313225bda1f010ee83b1c76') in 0.0277907 seconds
Number of updated asset objects reloaded before import = 0Number of asset objects unloaded after import = 1

========================================================================
Received Import Request.
  Time since last request: 0.000034 seconds.
  path: Assets/PBS Materials Variety Pack/Rocks/Rocks 5.mat
  artifactKey: Guid(1397dbb8aaf49704a98ee06a0bf709ff) Importer(2089858483,b0f066a214c2f5e87bad3c948f4d605d)
Start importing Assets/PBS Materials Variety Pack/Rocks/Rocks 5.mat using Guid(1397dbb8aaf49704a98ee06a0bf709ff) Importer(2089858483,b0f066a214c2f5e87bad3c948f4d605d) (ScriptedImporter) -> (artifact id: '983b9bb2bb68b13ecbbd29799b0d545c') in 0.0431117 seconds
Number of updated asset objects reloaded before import = 0Number of asset objects unloaded after import = 5

========================================================================
Received Import Request.
  Time since last request: 0.000049 seconds.
  path: Assets/PBS Materials Variety Pack/Rocks/Textures/Rocks 1.png
  artifactKey: Guid(490289cbbc65ed34b896c90384eac04d) Importer(2089858483,b0f066a214c2f5e87bad3c948f4d605d)
Start importing Assets/PBS Materials Variety Pack/Rocks/Textures/Rocks 1.png using Guid(490289cbbc65ed34b896c90384eac04d) Importer(2089858483,b0f066a214c2f5e87bad3c948f4d605d) (ScriptedImporter) -> (artifact id: '941a2b2f960061b0d6fcf67f1ea1e7b1') in 0.0288647 seconds
Number of updated asset objects reloaded before import = 0Number of asset objects unloaded after import = 1

========================================================================
Received Import Request.
  Time since last request: 0.000027 seconds.
  path: Assets/PBS Materials Variety Pack/Wooden Boards/Textures/Wooden Boards 1 Occlusion.png
  artifactKey: Guid(7aeea13d4822e434e98f710288260ca5) Importer(2089858483,b0f066a214c2f5e87bad3c948f4d605d)
Start importing Assets/PBS Materials Variety Pack/Wooden Boards/Textures/Wooden Boards 1 Occlusion.png using Guid(7aeea13d4822e434e98f710288260ca5) Importer(2089858483,b0f066a214c2f5e87bad3c948f4d605d) (ScriptedImporter) -> (artifact id: '0c16cfbe81352a87b88492abaa3c60ac') in 0.0319765 seconds
Number of updated asset objects reloaded before import = 0Number of asset objects unloaded after import = 1

========================================================================
Received Import Request.
  Time since last request: 0.000044 seconds.
  path: Assets/PBS Materials Variety Pack/Bark/Textures/Bark 1 Occlusion.png
  artifactKey: Guid(258fdf078b7febd4a81ab3db358daf77) Importer(2089858483,b0f066a214c2f5e87bad3c948f4d605d)
Start importing Assets/PBS Materials Variety Pack/Bark/Textures/Bark 1 Occlusion.png using Guid(258fdf078b7febd4a81ab3db358daf77) Importer(2089858483,b0f066a214c2f5e87bad3c948f4d605d) (ScriptedImporter) -> (artifact id: 'ae555f2a1debb5b31740269a776444d5') in 0.032095 seconds
Number of updated asset objects reloaded before import = 0Number of asset objects unloaded after import = 1

========================================================================
Received Import Request.
  Time since last request: 0.000048 seconds.
  path: Assets/PBS Materials Variety Pack/zzz/Sun Controller.controller
  artifactKey: Guid(b443463f077601540bf368d16f9561bd) Importer(2089858483,b0f066a214c2f5e87bad3c948f4d605d)
Start importing Assets/PBS Materials Variety Pack/zzz/Sun Controller.controller using Guid(b443463f077601540bf368d16f9561bd) Importer(2089858483,b0f066a214c2f5e87bad3c948f4d605d) (ScriptedImporter) -> (artifact id: 'b77a5f7d7660ec9714f7a21129dcfba5') in 0.0322281 seconds
Number of updated asset objects reloaded before import = 0Number of asset objects unloaded after import = 8

========================================================================
Received Import Request.
  Time since last request: 0.000038 seconds.
  path: Assets/PBS Materials Variety Pack/Metal/Textures/Metal Rust Metallic.png
  artifactKey: Guid(95b5b12522494c541b34b4cc6f7fae8d) Importer(2089858483,b0f066a214c2f5e87bad3c948f4d605d)
Start importing Assets/PBS Materials Variety Pack/Metal/Textures/Metal Rust Metallic.png using Guid(95b5b12522494c541b34b4cc6f7fae8d) Importer(2089858483,b0f066a214c2f5e87bad3c948f4d605d) (ScriptedImporter) -> (artifact id: 'aff7930b3ce6fac5a29e1e6e47e87d9c') in 0.0272448 seconds
Number of updated asset objects reloaded before import = 0Number of asset objects unloaded after import = 1

========================================================================
Received Import Request.
  Time since last request: 0.000029 seconds.
  path: Assets/PBS Materials Variety Pack/Bark/Textures/Bark 1 Displacement.png
  artifactKey: Guid(05f1af44b4b448d4e9b77d2c0608e6cf) Importer(2089858483,b0f066a214c2f5e87bad3c948f4d605d)
Start importing Assets/PBS Materials Variety Pack/Bark/Textures/Bark 1 Displacement.png using Guid(05f1af44b4b448d4e9b77d2c0608e6cf) Importer(2089858483,b0f066a214c2f5e87bad3c948f4d605d) (ScriptedImporter) -> (artifact id: 'e7bedb9ad2cc76759ca82b79330a3956') in 0.0289212 seconds
Number of updated asset objects reloaded before import = 0Number of asset objects unloaded after import = 1

========================================================================
Received Import Request.
  Time since last request: 0.000045 seconds.
  path: Assets/PBS Materials Variety Pack/Grass/Grass 3.mat
  artifactKey: Guid(b16dbb8ed6255f14ab3b5ec7aa8690d9) Importer(2089858483,b0f066a214c2f5e87bad3c948f4d605d)
Start importing Assets/PBS Materials Variety Pack/Grass/Grass 3.mat using Guid(b16dbb8ed6255f14ab3b5ec7aa8690d9) Importer(2089858483,b0f066a214c2f5e87bad3c948f4d605d) (ScriptedImporter) -> (artifact id: '8fdf9c694173915151fb14e5ae3fec57') in 0.0355387 seconds
Number of updated asset objects reloaded before import = 0Number of asset objects unloaded after import = 5

========================================================================
Received Import Request.
  Time since last request: 0.000076 seconds.
  path: Assets/PBS Materials Variety Pack/Dirt/Textures/Dirt 7 Displacement.png
  artifactKey: Guid(31e0ffc31b91b2f4facf7c3cf0045c68) Importer(2089858483,b0f066a214c2f5e87bad3c948f4d605d)
Start importing Assets/PBS Materials Variety Pack/Dirt/Textures/Dirt 7 Displacement.png using Guid(31e0ffc31b91b2f4facf7c3cf0045c68) Importer(2089858483,b0f066a214c2f5e87bad3c948f4d605d) (ScriptedImporter) -> (artifact id: 'b4dc948de846e0f96bfe8497d6f7fd59') in 0.0298713 seconds
Number of updated asset objects reloaded before import = 0Number of asset objects unloaded after import = 1

========================================================================
Received Import Request.
  Time since last request: 0.000049 seconds.
  path: Assets/PBS Materials Variety Pack/Hex Lattice/hexagonal lattice_Textures/07
  artifactKey: Guid(7239f72828331498bad31456d30e55a9) Importer(2089858483,b0f066a214c2f5e87bad3c948f4d605d)
Start importing Assets/PBS Materials Variety Pack/Hex Lattice/hexagonal lattice_Textures/07 using Guid(7239f72828331498bad31456d30e55a9) Importer(2089858483,b0f066a214c2f5e87bad3c948f4d605d) (ScriptedImporter) -> (artifact id: 'c1306a9648f4e58c40ec5d17eb7abf99') in 0.0222501 seconds
Number of updated asset objects reloaded before import = 0Number of asset objects unloaded after import = 1

========================================================================
Received Import Request.
  Time since last request: 0.000024 seconds.
  path: Assets/PBS Materials Variety Pack/Concrete/Textures/Concrete 1.png
  artifactKey: Guid(f25ebca7d22381545ae9e97cc7bc3684) Importer(2089858483,b0f066a214c2f5e87bad3c948f4d605d)
Start importing Assets/PBS Materials Variety Pack/Concrete/Textures/Concrete 1.png using Guid(f25ebca7d22381545ae9e97cc7bc3684) Importer(2089858483,b0f066a214c2f5e87bad3c948f4d605d) (ScriptedImporter) -> (artifact id: '269fc208cea12a91a4f8b2442d1ad99f') in 0.0276872 seconds
Number of updated asset objects reloaded before import = 0Number of asset objects unloaded after import = 1

========================================================================
Received Import Request.
  Time since last request: 0.000027 seconds.
  path: Assets/PBS Materials Variety Pack/Dirt/Textures/Dirt 7.png
  artifactKey: Guid(ca0b3df3ddb29c74485654fd10b2df05) Importer(2089858483,b0f066a214c2f5e87bad3c948f4d605d)
Start importing Assets/PBS Materials Variety Pack/Dirt/Textures/Dirt 7.png using Guid(ca0b3df3ddb29c74485654fd10b2df05) Importer(2089858483,b0f066a214c2f5e87bad3c948f4d605d) (ScriptedImporter) -> (artifact id: '6e087538866ab40b86f77d96b6505db5') in 0.0313423 seconds
Number of updated asset objects reloaded before import = 0Number of asset objects unloaded after import = 1

========================================================================
Received Import Request.
  Time since last request: 0.000045 seconds.
  path: Assets/PBS Materials Variety Pack/Hex Lattice/hexagonal lattice_Textures/14
  artifactKey: Guid(7e7f7532da9d34ba8b5b8eefde318f00) Importer(2089858483,b0f066a214c2f5e87bad3c948f4d605d)
Start importing Assets/PBS Materials Variety Pack/Hex Lattice/hexagonal lattice_Textures/14 using Guid(7e7f7532da9d34ba8b5b8eefde318f00) Importer(2089858483,b0f066a214c2f5e87bad3c948f4d605d) (ScriptedImporter) -> (artifact id: 'fa6e47bffc7a3e4d97f6daf21f19a0d5') in 0.0199261 seconds
Number of updated asset objects reloaded before import = 0Number of asset objects unloaded after import = 1

========================================================================
Received Import Request.
  Time since last request: 0.000022 seconds.
  path: Assets/PBS Materials Variety Pack/Grass/Textures/Grass 3 Normals2.png
  artifactKey: Guid(9363f1f4ae0a3f64d95be1f50be591e5) Importer(2089858483,b0f066a214c2f5e87bad3c948f4d605d)
Start importing Assets/PBS Materials Variety Pack/Grass/Textures/Grass 3 Normals2.png using Guid(9363f1f4ae0a3f64d95be1f50be591e5) Importer(2089858483,b0f066a214c2f5e87bad3c948f4d605d) (ScriptedImporter) -> (artifact id: '4654aa8b98c93cf6b143766883aa5452') in 0.0284533 seconds
Number of updated asset objects reloaded before import = 0Number of asset objects unloaded after import = 1

========================================================================
Received Import Request.
  Time since last request: 0.000039 seconds.
  path: Assets/PBS Materials Variety Pack/Rocks/Textures/NewLayer.terrainlayer
  artifactKey: Guid(6f905c7101dd92a4695e4dd72719761e) Importer(2089858483,b0f066a214c2f5e87bad3c948f4d605d)
Start importing Assets/PBS Materials Variety Pack/Rocks/Textures/NewLayer.terrainlayer using Guid(6f905c7101dd92a4695e4dd72719761e) Importer(2089858483,b0f066a214c2f5e87bad3c948f4d605d) (ScriptedImporter) -> (artifact id: 'cbd85d15232f3872ae5e22871a4281db') in 0.033065 seconds
Number of updated asset objects reloaded before import = 0Number of asset objects unloaded after import = 3

========================================================================
Received Import Request.
  Time since last request: 0.000044 seconds.
  path: Assets/_Recovery
  artifactKey: Guid(5297290a428e1ae4ebd602e08f7571eb) Importer(2089858483,b0f066a214c2f5e87bad3c948f4d605d)
Start importing Assets/_Recovery using Guid(5297290a428e1ae4ebd602e08f7571eb) Importer(2089858483,b0f066a214c2f5e87bad3c948f4d605d) (ScriptedImporter) -> (artifact id: 'b9623d3c85fdd856381910e704e6086a') in 0.020994 seconds
Number of updated asset objects reloaded before import = 0Number of asset objects unloaded after import = 1

========================================================================
Received Import Request.
  Time since last request: 0.000043 seconds.
  path: Assets/PBS Materials Variety Pack/000 Example Scene Sample/LightingData.asset
  artifactKey: Guid(9dbce77c5eeaa4f3ab42e05cedec8e33) Importer(2089858483,b0f066a214c2f5e87bad3c948f4d605d)
Start importing Assets/PBS Materials Variety Pack/000 Example Scene Sample/LightingData.asset using Guid(9dbce77c5eeaa4f3ab42e05cedec8e33) Importer(2089858483,b0f066a214c2f5e87bad3c948f4d605d) (ScriptedImporter) -> (artifact id: '24c53dbf27bf5b580402eca0d07ac08b') in 0.0406033 seconds
Number of updated asset objects reloaded before import = 0Number of asset objects unloaded after import = 2

========================================================================
Received Import Request.
  Time since last request: 0.000023 seconds.
  path: Assets/PBS Materials Variety Pack/Metal/Metal 3.mat
  artifactKey: Guid(025cbf9d232c99f4bb5a2e86929f2cd7) Importer(2089858483,b0f066a214c2f5e87bad3c948f4d605d)
Start importing Assets/PBS Materials Variety Pack/Metal/Metal 3.mat using Guid(025cbf9d232c99f4bb5a2e86929f2cd7) Importer(2089858483,b0f066a214c2f5e87bad3c948f4d605d) (ScriptedImporter) -> (artifact id: '18782e875110ccfeff3cc789141c2ed3') in 0.0620607 seconds
Number of updated asset objects reloaded before import = 0Number of asset objects unloaded after import = 2

========================================================================
Received Import Request.
  Time since last request: 0.000056 seconds.
  path: Assets/Scripts/GameManager.cs
  artifactKey: Guid(88272e81d32af0c45b6ca46419c4fe42) Importer(2089858483,b0f066a214c2f5e87bad3c948f4d605d)
Start importing Assets/Scripts/GameManager.cs using Guid(88272e81d32af0c45b6ca46419c4fe42) Importer(2089858483,b0f066a214c2f5e87bad3c948f4d605d) (ScriptedImporter) -> (artifact id: '7dce82d2b91642d47f7d34c8ff83c92f') in 0.0252109 seconds
Number of updated asset objects reloaded before import = 0Number of asset objects unloaded after import = 0

========================================================================
Received Import Request.
  Time since last request: 0.000064 seconds.
  path: Assets/PBS Materials Variety Pack/Metal/Textures/Metal 16 Normals.png
  artifactKey: Guid(2d0f7317720d4334388177296a93a372) Importer(2089858483,b0f066a214c2f5e87bad3c948f4d605d)
Start importing Assets/PBS Materials Variety Pack/Metal/Textures/Metal 16 Normals.png using Guid(2d0f7317720d4334388177296a93a372) Importer(2089858483,b0f066a214c2f5e87bad3c948f4d605d) (ScriptedImporter) -> (artifact id: 'af90cc2cb286726b4e9d81366e868e0f') in 0.0302737 seconds
Number of updated asset objects reloaded before import = 0Number of asset objects unloaded after import = 1

========================================================================
Received Import Request.
  Time since last request: 0.000037 seconds.
  path: Assets/PBS Materials Variety Pack/Stone/Textures/Stone 3 Normals.png
  artifactKey: Guid(0196ea73d3eb39e4ab38009580e168af) Importer(2089858483,b0f066a214c2f5e87bad3c948f4d605d)
Start importing Assets/PBS Materials Variety Pack/Stone/Textures/Stone 3 Normals.png using Guid(0196ea73d3eb39e4ab38009580e168af) Importer(2089858483,b0f066a214c2f5e87bad3c948f4d605d) (ScriptedImporter) -> (artifact id: '2826b16c280b0b87fa3980deb38f2120') in 0.0266476 seconds
Number of updated asset objects reloaded before import = 0Number of asset objects unloaded after import = 1

========================================================================
Received Import Request.
  Time since last request: 0.000027 seconds.
  path: Assets/PBS Materials Variety Pack/Metal/Textures/Metal 5.png
  artifactKey: Guid(c6509950a63cb40428783f8d6f60fd6f) Importer(2089858483,b0f066a214c2f5e87bad3c948f4d605d)
Start importing Assets/PBS Materials Variety Pack/Metal/Textures/Metal 5.png using Guid(c6509950a63cb40428783f8d6f60fd6f) Importer(2089858483,b0f066a214c2f5e87bad3c948f4d605d) (ScriptedImporter) -> (artifact id: '5d52a4fe63f81a9a3103c7660c0f1111') in 0.0302268 seconds
Number of updated asset objects reloaded before import = 0Number of asset objects unloaded after import = 1

========================================================================
Received Import Request.
  Time since last request: 0.000048 seconds.
  path: Assets/PBS Materials Variety Pack/Hex Lattice/hexagonal lattice_Textures/08/lattice_08_normal_open_gl.tif
  artifactKey: Guid(5b34d3488d7c849c3945895800477e5a) Importer(2089858483,b0f066a214c2f5e87bad3c948f4d605d)
Start importing Assets/PBS Materials Variety Pack/Hex Lattice/hexagonal lattice_Textures/08/lattice_08_normal_open_gl.tif using Guid(5b34d3488d7c849c3945895800477e5a) Importer(2089858483,b0f066a214c2f5e87bad3c948f4d605d) (ScriptedImporter) -> (artifact id: 'f2bbbcf425c8f72dd40dc39962c46a35') in 0.0286211 seconds
Number of updated asset objects reloaded before import = 0Number of asset objects unloaded after import = 1

========================================================================
Received Import Request.
  Time since last request: 0.000046 seconds.
  path: Assets/PBS Materials Variety Pack/zzz/urban_courtyard_4k.hdr
  artifactKey: Guid(1fdb895cc12f04c4fba509ea8d728831) Importer(2089858483,b0f066a214c2f5e87bad3c948f4d605d)
Start importing Assets/PBS Materials Variety Pack/zzz/urban_courtyard_4k.hdr using Guid(1fdb895cc12f04c4fba509ea8d728831) Importer(2089858483,b0f066a214c2f5e87bad3c948f4d605d) (ScriptedImporter) -> (artifact id: '51fe78a0c4ad152bf088cf2076e7ec60') in 0.0282035 seconds
Number of updated asset objects reloaded before import = 0Number of asset objects unloaded after import = 1

========================================================================
Received Import Request.
  Time since last request: 0.000025 seconds.
  path: Assets/PBS Materials Variety Pack/Brick/Textures/Brick 1 Normals.png
  artifactKey: Guid(f5f050de1a6b5bd4f942b0f5aafc8007) Importer(2089858483,b0f066a214c2f5e87bad3c948f4d605d)
Start importing Assets/PBS Materials Variety Pack/Brick/Textures/Brick 1 Normals.png using Guid(f5f050de1a6b5bd4f942b0f5aafc8007) Importer(2089858483,b0f066a214c2f5e87bad3c948f4d605d) (ScriptedImporter) -> (artifact id: '6da2c6cb2e3b120efe55a8d6cb1c340c') in 0.0319632 seconds
Number of updated asset objects reloaded before import = 0Number of asset objects unloaded after import = 1

========================================================================
Received Import Request.
  Time since last request: 0.000027 seconds.
  path: Assets/PBS Materials Variety Pack/Hex Lattice/hexagonal lattice_Textures/07/lattice_07_roughness.tif
  artifactKey: Guid(732ce20d831294326b9d8a16f1fdeedf) Importer(2089858483,b0f066a214c2f5e87bad3c948f4d605d)
Start importing Assets/PBS Materials Variety Pack/Hex Lattice/hexagonal lattice_Textures/07/lattice_07_roughness.tif using Guid(732ce20d831294326b9d8a16f1fdeedf) Importer(2089858483,b0f066a214c2f5e87bad3c948f4d605d) (ScriptedImporter) -> (artifact id: '809d2ae152588c3b705237f4a3bdf843') in 0.0273146 seconds
Number of updated asset objects reloaded before import = 0Number of asset objects unloaded after import = 1

========================================================================
Received Import Request.
  Time since last request: 0.000034 seconds.
  path: Assets/PBS Materials Variety Pack/Fabric/Textures/Fabric 1 Displacement.png
  artifactKey: Guid(683f5aba1b7e14645b552c0875f25a14) Importer(2089858483,b0f066a214c2f5e87bad3c948f4d605d)
Start importing Assets/PBS Materials Variety Pack/Fabric/Textures/Fabric 1 Displacement.png using Guid(683f5aba1b7e14645b552c0875f25a14) Importer(2089858483,b0f066a214c2f5e87bad3c948f4d605d) (ScriptedImporter) -> (artifact id: '686a383bbb9f8461cdf320eb130ef0ec') in 0.0307024 seconds
Number of updated asset objects reloaded before import = 0Number of asset objects unloaded after import = 1

========================================================================
Received Import Request.
  Time since last request: 0.000040 seconds.
  path: Assets/PBS Materials Variety Pack/Wooden Boards/Textures/Wooden Boards 1.png
  artifactKey: Guid(c231fcb16fc275540a2333e54774e5b8) Importer(2089858483,b0f066a214c2f5e87bad3c948f4d605d)
Start importing Assets/PBS Materials Variety Pack/Wooden Boards/Textures/Wooden Boards 1.png using Guid(c231fcb16fc275540a2333e54774e5b8) Importer(2089858483,b0f066a214c2f5e87bad3c948f4d605d) (ScriptedImporter) -> (artifact id: 'a62f7fadb5b5ab6079e3f1a45e2c2b19') in 0.0316856 seconds
Number of updated asset objects reloaded before import = 0Number of asset objects unloaded after import = 1

========================================================================
Received Import Request.
  Time since last request: 0.000029 seconds.
  path: Assets/PBS Materials Variety Pack/Wooden Boards/Textures
  artifactKey: Guid(b6e29aef539edf740997aebdf4f2b9e6) Importer(2089858483,b0f066a214c2f5e87bad3c948f4d605d)
Start importing Assets/PBS Materials Variety Pack/Wooden Boards/Textures using Guid(b6e29aef539edf740997aebdf4f2b9e6) Importer(2089858483,b0f066a214c2f5e87bad3c948f4d605d) (ScriptedImporter) -> (artifact id: '6b6043dff3994c33a99d0bbaa0e67354') in 0.022915 seconds
Number of updated asset objects reloaded before import = 0Number of asset objects unloaded after import = 1

========================================================================
Received Import Request.
  Time since last request: 0.000024 seconds.
  path: Assets/PBS Materials Variety Pack/Hex Lattice/hexagonal lattice_Textures/07/lattice_07_ambientocclusion.tif
  artifactKey: Guid(525ce902641774db89a6244d117244fd) Importer(2089858483,b0f066a214c2f5e87bad3c948f4d605d)
Start importing Assets/PBS Materials Variety Pack/Hex Lattice/hexagonal lattice_Textures/07/lattice_07_ambientocclusion.tif using Guid(525ce902641774db89a6244d117244fd) Importer(2089858483,b0f066a214c2f5e87bad3c948f4d605d) (ScriptedImporter) -> (artifact id: '66b7680c623fcee7a8d425e61e2f6e42') in 0.0752801 seconds
Number of updated asset objects reloaded before import = 0Number of asset objects unloaded after import = 1

========================================================================
Received Import Request.
  Time since last request: 0.000039 seconds.
  path: Assets/PBS Materials Variety Pack/Tiles/Textures/Tile 2.png
  artifactKey: Guid(3c12f3c7edc31104aa5200173f8f1915) Importer(2089858483,b0f066a214c2f5e87bad3c948f4d605d)
Start importing Assets/PBS Materials Variety Pack/Tiles/Textures/Tile 2.png using Guid(3c12f3c7edc31104aa5200173f8f1915) Importer(2089858483,b0f066a214c2f5e87bad3c948f4d605d) (ScriptedImporter) -> (artifact id: 'b3089b7bca847dcd18da9cf0b6affee0') in 0.0306279 seconds
Number of updated asset objects reloaded before import = 0Number of asset objects unloaded after import = 1

========================================================================
Received Import Request.
  Time since last request: 0.000074 seconds.
  path: Assets/PBS Materials Variety Pack/Tiles/Tile 2.mat
  artifactKey: Guid(8f6f9b3ffeb5f8943842a4e2d73561fe) Importer(2089858483,b0f066a214c2f5e87bad3c948f4d605d)
Start importing Assets/PBS Materials Variety Pack/Tiles/Tile 2.mat using Guid(8f6f9b3ffeb5f8943842a4e2d73561fe) Importer(2089858483,b0f066a214c2f5e87bad3c948f4d605d) (ScriptedImporter) -> (artifact id: 'ba1473926c2811994769248c80a9abcb') in 0.0498248 seconds
Number of updated asset objects reloaded before import = 0Number of asset objects unloaded after import = 6

========================================================================
Received Import Request.
  Time since last request: 0.000027 seconds.
  path: Assets/PBS Materials Variety Pack/Fabric/Textures/Fabric 1 Occlusion.png
  artifactKey: Guid(95e26c48545c7044cbaec0e7de1cc7d8) Importer(2089858483,b0f066a214c2f5e87bad3c948f4d605d)
Start importing Assets/PBS Materials Variety Pack/Fabric/Textures/Fabric 1 Occlusion.png using Guid(95e26c48545c7044cbaec0e7de1cc7d8) Importer(2089858483,b0f066a214c2f5e87bad3c948f4d605d) (ScriptedImporter) -> (artifact id: '91ab93d608a17ea555f45546ff6647d0') in 0.0309974 seconds
Number of updated asset objects reloaded before import = 0Number of asset objects unloaded after import = 1

========================================================================
Received Import Request.
  Time since last request: 0.000024 seconds.
  path: Assets/PBS Materials Variety Pack/Brick/Textures
  artifactKey: Guid(e8b5644a4d601554a9968429865ae4e8) Importer(2089858483,b0f066a214c2f5e87bad3c948f4d605d)
Start importing Assets/PBS Materials Variety Pack/Brick/Textures using Guid(e8b5644a4d601554a9968429865ae4e8) Importer(2089858483,b0f066a214c2f5e87bad3c948f4d605d) (ScriptedImporter) -> (artifact id: 'a4fb645c59061d68429b4e978cd7ee3d') in 0.0206428 seconds
Number of updated asset objects reloaded before import = 0Number of asset objects unloaded after import = 1

========================================================================
Received Import Request.
  Time since last request: 0.000041 seconds.
  path: Assets/PBS Materials Variety Pack/Cobblestone/Textures/Cobblestone 1 Displacement.png
  artifactKey: Guid(7f88076198137864b8b9b71dcfc155a0) Importer(2089858483,b0f066a214c2f5e87bad3c948f4d605d)
Start importing Assets/PBS Materials Variety Pack/Cobblestone/Textures/Cobblestone 1 Displacement.png using Guid(7f88076198137864b8b9b71dcfc155a0) Importer(2089858483,b0f066a214c2f5e87bad3c948f4d605d) (ScriptedImporter) -> (artifact id: '4d0a6b992487f7c3dbd84ff6c61c74d0') in 0.0284721 seconds
Number of updated asset objects reloaded before import = 0Number of asset objects unloaded after import = 1

========================================================================
Received Import Request.
  Time since last request: 0.000025 seconds.
  path: Assets/PBS Materials Variety Pack/Rocks/Textures
  artifactKey: Guid(5cba63442400cca429dd9667a90a5977) Importer(2089858483,b0f066a214c2f5e87bad3c948f4d605d)
Start importing Assets/PBS Materials Variety Pack/Rocks/Textures using Guid(5cba63442400cca429dd9667a90a5977) Importer(2089858483,b0f066a214c2f5e87bad3c948f4d605d) (ScriptedImporter) -> (artifact id: 'd373a7d4b486dc5914257b0edfabe78e') in 0.0261218 seconds
Number of updated asset objects reloaded before import = 0Number of asset objects unloaded after import = 1

========================================================================
Received Import Request.
  Time since last request: 0.000022 seconds.
  path: Assets/PBS Materials Variety Pack/Bark/Textures/Bark 1 Normals2.png
  artifactKey: Guid(0db9d6e427e6b5b47a617264f10a6099) Importer(2089858483,b0f066a214c2f5e87bad3c948f4d605d)
Start importing Assets/PBS Materials Variety Pack/Bark/Textures/Bark 1 Normals2.png using Guid(0db9d6e427e6b5b47a617264f10a6099) Importer(2089858483,b0f066a214c2f5e87bad3c948f4d605d) (ScriptedImporter) -> (artifact id: '694bb655e231037e58f3f855f29d6781') in 0.0275603 seconds
Number of updated asset objects reloaded before import = 0Number of asset objects unloaded after import = 1

========================================================================
Received Import Request.
  Time since last request: 0.000028 seconds.
  path: Assets/Scenes/lvl1/NavMesh-Terrain (1).asset
  artifactKey: Guid(a3bac0e834ddf7744a8d159e7ed6921e) Importer(2089858483,b0f066a214c2f5e87bad3c948f4d605d)
Start importing Assets/Scenes/lvl1/NavMesh-Terrain (1).asset using Guid(a3bac0e834ddf7744a8d159e7ed6921e) Importer(2089858483,b0f066a214c2f5e87bad3c948f4d605d) (ScriptedImporter) -> (artifact id: 'bd2c58b657f438a94bb9626a89ec8f10') in 0.0411483 seconds
Number of updated asset objects reloaded before import = 0Number of asset objects unloaded after import = 1

========================================================================
Received Import Request.
  Time since last request: 0.000039 seconds.
  path: Assets/PBS Materials Variety Pack/zzz/MoonOn.anim
  artifactKey: Guid(337c24edd92aac64bb8de761743587cf) Importer(2089858483,b0f066a214c2f5e87bad3c948f4d605d)
Start importing Assets/PBS Materials Variety Pack/zzz/MoonOn.anim using Guid(337c24edd92aac64bb8de761743587cf) Importer(2089858483,b0f066a214c2f5e87bad3c948f4d605d) (ScriptedImporter) -> (artifact id: '5d386352094d7ec26a935fc584a86d2a') in 0.0261106 seconds
Number of updated asset objects reloaded before import = 0Number of asset objects unloaded after import = 1

========================================================================
Received Import Request.
  Time since last request: 0.000024 seconds.
  path: Assets/PBS Materials Variety Pack/Wooden Boards/Textures/Wooden Boards 1 Displacement.png
  artifactKey: Guid(d5516678591e66a49832c1664e789cd1) Importer(2089858483,b0f066a214c2f5e87bad3c948f4d605d)
Start importing Assets/PBS Materials Variety Pack/Wooden Boards/Textures/Wooden Boards 1 Displacement.png using Guid(d5516678591e66a49832c1664e789cd1) Importer(2089858483,b0f066a214c2f5e87bad3c948f4d605d) (ScriptedImporter) -> (artifact id: '29fdeea60c8275bfb0095f9a2414813f') in 0.0288432 seconds
Number of updated asset objects reloaded before import = 0Number of asset objects unloaded after import = 1

========================================================================
Received Import Request.
  Time since last request: 0.000028 seconds.
  path: Assets/PBS Materials Variety Pack/Metal/Textures/Metal 5 Displacement.png
  artifactKey: Guid(e2feb59f4c1263642ab27a8c0d0082a6) Importer(2089858483,b0f066a214c2f5e87bad3c948f4d605d)
Start importing Assets/PBS Materials Variety Pack/Metal/Textures/Metal 5 Displacement.png using Guid(e2feb59f4c1263642ab27a8c0d0082a6) Importer(2089858483,b0f066a214c2f5e87bad3c948f4d605d) (ScriptedImporter) -> (artifact id: 'a843a36b936aaaa38903ca39f1856f5a') in 0.0316549 seconds
Number of updated asset objects reloaded before import = 0Number of asset objects unloaded after import = 1

========================================================================
Received Import Request.
  Time since last request: 0.000038 seconds.
  path: Assets/PBS Materials Variety Pack/Metal/Textures/Metal Rust 2 Normals.png
  artifactKey: Guid(578c9534299edcd47a91730be033d460) Importer(2089858483,b0f066a214c2f5e87bad3c948f4d605d)
Start importing Assets/PBS Materials Variety Pack/Metal/Textures/Metal Rust 2 Normals.png using Guid(578c9534299edcd47a91730be033d460) Importer(2089858483,b0f066a214c2f5e87bad3c948f4d605d) (ScriptedImporter) -> (artifact id: 'a83146aeb6172704320d2379ef29c773') in 0.0295218 seconds
Number of updated asset objects reloaded before import = 0Number of asset objects unloaded after import = 1

========================================================================
Received Import Request.
  Time since last request: 0.000040 seconds.
  path: Assets/PBS Materials Variety Pack/Dirt/Textures/Dirt 5 Normals.png
  artifactKey: Guid(07be39d5e2e646144b506ec1930fe097) Importer(2089858483,b0f066a214c2f5e87bad3c948f4d605d)
Start importing Assets/PBS Materials Variety Pack/Dirt/Textures/Dirt 5 Normals.png using Guid(07be39d5e2e646144b506ec1930fe097) Importer(2089858483,b0f066a214c2f5e87bad3c948f4d605d) (ScriptedImporter) -> (artifact id: 'ddf964c07b5bf676fc77c5e0c1477896') in 0.0321511 seconds
Number of updated asset objects reloaded before import = 0Number of asset objects unloaded after import = 1

========================================================================
Received Import Request.
  Time since last request: 0.000026 seconds.
  path: Assets/PBS Materials Variety Pack/Tiles/Textures/Tile 2 Displacement.png
  artifactKey: Guid(1e35beac0722cd14b9e0d29467aeb3b4) Importer(2089858483,b0f066a214c2f5e87bad3c948f4d605d)
Start importing Assets/PBS Materials Variety Pack/Tiles/Textures/Tile 2 Displacement.png using Guid(1e35beac0722cd14b9e0d29467aeb3b4) Importer(2089858483,b0f066a214c2f5e87bad3c948f4d605d) (ScriptedImporter) -> (artifact id: 'd63b192482f40057d6a7d99e1274d5a3') in 0.0274324 seconds
Number of updated asset objects reloaded before import = 0Number of asset objects unloaded after import = 1

========================================================================
Received Import Request.
  Time since last request: 0.000067 seconds.
  path: Assets/PBS Materials Variety Pack/Hex Lattice/hexagonal lattice_Textures/16/hexagonal_lattice_ambientocclusion.tif
  artifactKey: Guid(dfc54b72bcb5e4036927ffa7bad8308b) Importer(2089858483,b0f066a214c2f5e87bad3c948f4d605d)
Start importing Assets/PBS Materials Variety Pack/Hex Lattice/hexagonal lattice_Textures/16/hexagonal_lattice_ambientocclusion.tif using Guid(dfc54b72bcb5e4036927ffa7bad8308b) Importer(2089858483,b0f066a214c2f5e87bad3c948f4d605d) (ScriptedImporter) -> (artifact id: '792f8b3aaf3524fa7259489cabab5aa5') in 0.030598 seconds
Number of updated asset objects reloaded before import = 0Number of asset objects unloaded after import = 1

========================================================================
Received Prepare
Begin MonoManager ReloadAssembly
- Loaded All Assemblies, in  1.372 seconds
Refreshing native plugins compatible for Editor in 1.95 ms, found 3 plugins.
Native extension for WindowsStandalone target not found
Native extension for WebGL target not found
[Package Manager] Failed to launch server process. Reason: Unity was launched with the -noUpm command-line argument
[Package Manager] Unable to send message (not connected to server process).
[Package Manager] Cannot connect to Unity Package Manager local server
ScheduleIndexationOnStartup MainProcess:False IndexOnStartup:True
Mono: successfully reloaded assembly
- Finished resetting the current domain, in  1.308 seconds
Domain Reload Profiling: 2674ms
	BeginReloadAssembly (375ms)
		ExecutionOrderSort (0ms)
		DisableScriptedObjects (10ms)
		BackupInstance (0ms)
		ReleaseScriptingObjects (0ms)
		CreateAndSetChildDomain (93ms)
	RebuildCommonClasses (62ms)
	RebuildNativeTypeToScriptingClass (19ms)
	initialDomainReloadingComplete (59ms)
	LoadAllAssembliesAndSetupDomain (849ms)
		LoadAssemblies (711ms)
		RebuildTransferFunctionScriptingTraits (0ms)
		AnalyzeDomain (320ms)
			TypeCache.Refresh (10ms)
				TypeCache.ScanAssembly (0ms)
			BuildScriptInfoCaches (279ms)
			ResolveRequiredComponents (18ms)
	FinalizeReload (1309ms)
		ReleaseScriptCaches (0ms)
		RebuildScriptCaches (0ms)
		SetupLoadedEditorAssemblies (1022ms)
			LogAssemblyErrors (0ms)
			InitializePlatformSupportModulesInManaged (5ms)
			SetLoadedEditorAssemblies (8ms)
			BeforeProcessingInitializeOnLoad (306ms)
			ProcessInitializeOnLoadAttributes (572ms)
			ProcessInitializeOnLoadMethodAttributes (114ms)
			AfterProcessingInitializeOnLoad (16ms)
			EditorAssembliesLoaded (1ms)
		ExecutionOrderSort2 (0ms)
		AwakeInstancesAfterBackupRestoration (26ms)
Refreshing native plugins compatible for Editor in 1.33 ms, found 3 plugins.
Preloading 0 native plugins for Editor in 0.00 ms.
Unloading 16 Unused Serialized files (Serialized files now loaded: 0)
Unloading 6192 unused Assets / (3.6 MB). Loaded Objects now: 7020.
Memory consumption went from 155.6 MB to 152.0 MB.
Total: 10.491900 ms (FindLiveObjects: 0.657600 ms CreateObjectMapping: 0.558000 ms MarkObjects: 6.932700 ms  DeleteObjects: 2.342100 ms)

Prepare: number of updated asset objects reloaded= 0
Editor requested this worker to shutdown with reason: Scaling down because of idle timeout
AssetImportWorker is now disconnected from the server
Process exiting
Exiting without the bug reporter. Application will terminate with return code 0